10.49.31.177 - - [06/Apr/2017:11:22:06 +0300] "GET /carbon/yui/build/selector/selector-min.js HTTP/1.1" 200 2895 "https://10.49.40.202:9444/carbon/dashboard/index.jsp?region=region1&item=analytics_dashboard" "Mozilla/5.0 (Windows NT 6.3; WOW64) AppleWebKit/537.36 (KHTML, like Gecko) Chrome/57.0.2987.133 Safari/537.36"
10.49.31.177 - - [06/Apr/2017:11:22:06 +0300] "GET /carbon/admin/js/main.js HTTP/1.1" 200 15376 "https://10.49.40.202:9444/carbon/dashboard/index.jsp?region=region1&item=analytics_dashboard" "Mozilla/5.0 (Windows NT 6.3; WOW64) AppleWebKit/537.36 (KHTML, like Gecko) Chrome/57.0.2987.133 Safari/537.36"
10.49.31.177 - - [06/Apr/2017:11:22:06 +0300] "GET /carbon/dialog/js/jqueryui/jquery-ui.min.js HTTP/1.1" 200 25705 "https://10.49.40.202:9444/carbon/dashboard/index.jsp?region=region1&item=analytics_dashboard" "Mozilla/5.0 (Windows NT 6.3; WOW64) AppleWebKit/537.36 (KHTML, like Gecko) Chrome/57.0.2987.133 Safari/537.36"
10.49.31.177 - - [06/Apr/2017:11:22:06 +0300] "GET /carbon/yui/build/yahoo-dom-event/yahoo-dom-event.js HTTP/1.1" 200 10684 "https://10.49.40.202:9444/carbon/dashboard/index.jsp?region=region1&item=analytics_dashboard" "Mozilla/5.0 (Windows NT 6.3; WOW64) AppleWebKit/537.36 (KHTML, like Gecko) Chrome/57.0.2987.133 Safari/537.36"
10.49.31.177 - - [06/Apr/2017:11:22:06 +0300] "GET /portal HTTP/1.1" 302 - "https://10.49.40.202:9444/carbon/dashboard/index.jsp?region=region1&item=analytics_dashboard" "Mozilla/5.0 (Windows NT 6.3; WOW64) AppleWebKit/537.36 (KHTML, like Gecko) Chrome/57.0.2987.133 Safari/537.36"
10.49.31.177 - - [06/Apr/2017:11:22:06 +0300] "GET /portal/ HTTP/1.1" 302 - "https://10.49.40.202:9444/carbon/dashboard/index.jsp?region=region1&item=analytics_dashboard" "Mozilla/5.0 (Windows NT 6.3; WOW64) AppleWebKit/537.36 (KHTML, like Gecko) Chrome/57.0.2987.133 Safari/537.36"
10.49.31.177 - - [06/Apr/2017:11:22:07 +0300] "GET /portal/login-controller?destination=%2Fportal%2F HTTP/1.1" 200 1771 "https://10.49.40.202:9444/carbon/dashboard/index.jsp?region=region1&item=analytics_dashboard" "Mozilla/5.0 (Windows NT 6.3; WOW64) AppleWebKit/537.36 (KHTML, like Gecko) Chrome/57.0.2987.133 Safari/537.36"
10.49.31.177 - - [06/Apr/2017:11:22:07 +0300] "GET /portal/libs/css-browser-selector_0.4.0/css_browser_selector.js HTTP/1.1" 200 1321 "https://10.49.40.202:9444/portal/login-controller?destination=%2Fportal%2F" "Mozilla/5.0 (Windows NT 6.3; WOW64) AppleWebKit/537.36 (KHTML, like Gecko) Chrome/57.0.2987.133 Safari/537.36"
10.49.31.177 - - [06/Apr/2017:11:22:07 +0300] "GET /portal/libs/bootstrap_3.3.5/css/bootstrap.min.css HTTP/1.1" 200 20162 "https://10.49.40.202:9444/portal/login-controller?destination=%2Fportal%2F" "Mozilla/5.0 (Windows NT 6.3; WOW64) AppleWebKit/537.36 (KHTML, like Gecko) Chrome/57.0.2987.133 Safari/537.36"
10.49.31.177 - - [06/Apr/2017:11:22:07 +0300] "GET /portal/libs/font-wso2_1.0.0/css/font-wso2.min.css HTTP/1.1" 200 2641 "https://10.49.40.202:9444/portal/login-controller?destination=%2Fportal%2F" "Mozilla/5.0 (Windows NT 6.3; WOW64) AppleWebKit/537.36 (KHTML, like Gecko) Chrome/57.0.2987.133 Safari/537.36"
10.49.31.177 - - [06/Apr/2017:11:22:07 +0300] "GET /portal/libs/nanoscroller_0.8.7/nanoscroller.css HTTP/1.1" 200 1366 "https://10.49.40.202:9444/portal/login-controller?destination=%2Fportal%2F" "Mozilla/5.0 (Windows NT 6.3; WOW64) AppleWebKit/537.36 (KHTML, like Gecko) Chrome/57.0.2987.133 Safari/537.36"
10.49.31.177 - - [06/Apr/2017:11:22:07 +0300] "GET /portal/libs/theme-wso2_1.0/css/theme-wso2.css HTTP/1.1" 200 10255 "https://10.49.40.202:9444/portal/login-controller?destination=%2Fportal%2F" "Mozilla/5.0 (Windows NT 6.3; WOW64) AppleWebKit/537.36 (KHTML, like Gecko) Chrome/57.0.2987.133 Safari/537.36"
10.49.31.177 - - [06/Apr/2017:11:22:07 +0300] "GET /portal/css/custom.css HTTP/1.1" 200 2944 "https://10.49.40.202:9444/portal/login-controller?destination=%2Fportal%2F" "Mozilla/5.0 (Windows NT 6.3; WOW64) AppleWebKit/537.36 (KHTML, like Gecko) Chrome/57.0.2987.133 Safari/537.36"
10.49.31.177 - - [06/Apr/2017:11:22:07 +0300] "GET /portal/css/common.css HTTP/1.1" 200 1994 "https://10.49.40.202:9444/portal/login-controller?destination=%2Fportal%2F" "Mozilla/5.0 (Windows NT 6.3; WOW64) AppleWebKit/537.36 (KHTML, like Gecko) Chrome/57.0.2987.133 Safari/537.36"
10.49.31.177 - - [06/Apr/2017:11:22:07 +0300] "GET /portal/extensions/themes/basic/css/portal.css HTTP/1.1" 200 - "https://10.49.40.202:9444/portal/login-controller?destination=%2Fportal%2F" "Mozilla/5.0 (Windows NT 6.3; WOW64) AppleWebKit/537.36 (KHTML, like Gecko) Chrome/57.0.2987.133 Safari/537.36"
10.49.31.177 - - [06/Apr/2017:11:22:07 +0300] "GET /portal/css/login.css HTTP/1.1" 200 169 "https://10.49.40.202:9444/portal/login-controller?destination=%2Fportal%2F" "Mozilla/5.0 (Windows NT 6.3; WOW64) AppleWebKit/537.36 (KHTML, like Gecko) Chrome/57.0.2987.133 Safari/537.36"
10.49.31.177 - - [06/Apr/2017:11:22:07 +0300] "GET /portal/csrf.js HTTP/1.1" 200 4406 "https://10.49.40.202:9444/portal/login-controller?destination=%2Fportal%2F" "Mozilla/5.0 (Windows NT 6.3; WOW64) AppleWebKit/537.36 (KHTML, like Gecko) Chrome/57.0.2987.133 Safari/537.36"
10.49.31.177 - - [06/Apr/2017:11:22:07 +0300] "GET /portal/libs/jquery_1.11.0/jquery-1.11.3.min.js HTTP/1.1" 200 33789 "https://10.49.40.202:9444/portal/login-controller?destination=%2Fportal%2F" "Mozilla/5.0 (Windows NT 6.3; WOW64) AppleWebKit/537.36 (KHTML, like Gecko) Chrome/57.0.2987.133 Safari/537.36"
10.49.31.177 - - [06/Apr/2017:11:22:07 +0300] "POST /portal/csrf.js HTTP/1.1" 200 63 "https://10.49.40.202:9444/portal/login-controller?destination=%2Fportal%2F" "Mozilla/5.0 (Windows NT 6.3; WOW64) AppleWebKit/537.36 (KHTML, like Gecko) Chrome/57.0.2987.133 Safari/537.36"
10.49.31.177 - - [06/Apr/2017:11:22:07 +0300] "GET /portal/extensions/themes/basic/js/portal.js HTTP/1.1" 200 54 "https://10.49.40.202:9444/portal/login-controller?destination=%2Fportal%2F" "Mozilla/5.0 (Windows NT 6.3; WOW64) AppleWebKit/537.36 (KHTML, like Gecko) Chrome/57.0.2987.133 Safari/537.36"
10.49.31.177 - - [06/Apr/2017:11:22:07 +0300] "GET /portal/libs/bootstrap_3.3.5/js/bootstrap.min.js HTTP/1.1" 200 9891 "https://10.49.40.202:9444/portal/login-controller?destination=%2Fportal%2F" "Mozilla/5.0 (Windows NT 6.3; WOW64) AppleWebKit/537.36 (KHTML, like Gecko) Chrome/57.0.2987.133 Safari/537.36"
10.49.31.177 - - [06/Apr/2017:11:22:07 +0300] "GET /portal/libs/theme-wso2_1.0/images/logo-inverse.svg HTTP/1.1" 200 4663 "https://10.49.40.202:9444/portal/login-controller?destination=%2Fportal%2F" "Mozilla/5.0 (Windows NT 6.3; WOW64) AppleWebKit/537.36 (KHTML, like Gecko) Chrome/57.0.2987.133 Safari/537.36"
10.49.31.177 - - [06/Apr/2017:11:22:07 +0300] "GET /portal/libs/theme-wso2_1.0/fonts/Roboto/Roboto-Regular.woff2 HTTP/1.1" 200 10292 "https://10.49.40.202:9444/portal/libs/theme-wso2_1.0/css/theme-wso2.css" "Mozilla/5.0 (Windows NT 6.3; WOW64) AppleWebKit/537.36 (KHTML, like Gecko) Chrome/57.0.2987.133 Safari/537.36"
10.49.31.177 - - [06/Apr/2017:11:22:07 +0300] "GET /portal/libs/font-wso2_1.0.0/fonts/font-wso2.woff?da6b3eebe240a78c9faa99e03425e31c HTTP/1.1" 200 86100 "https://10.49.40.202:9444/portal/libs/font-wso2_1.0.0/css/font-wso2.min.css" "Mozilla/5.0 (Windows NT 6.3; WOW64) AppleWebKit/537.36 (KHTML, like Gecko) Chrome/57.0.2987.133 Safari/537.36"
10.49.31.177 - - [06/Apr/2017:11:22:08 +0300] "GET /portal/libs/theme-wso2_1.0/images/favicon.png HTTP/1.1" 200 1923 "https://10.49.40.202:9444/portal/login-controller?destination=%2Fportal%2F" "Mozilla/5.0 (Windows NT 6.3; WOW64) AppleWebKit/537.36 (KHTML, like Gecko) Chrome/57.0.2987.133 Safari/537.36"
10.49.31.177 - - [06/Apr/2017:11:22:11 +0300] "POST /portal/apis/login HTTP/1.1" 302 - "https://10.49.40.202:9444/portal/login-controller?destination=%2Fportal%2F" "Mozilla/5.0 (Windows NT 6.3; WOW64) AppleWebKit/537.36 (KHTML, like Gecko) Chrome/57.0.2987.133 Safari/537.36"
10.49.31.177 - - [06/Apr/2017:11:22:11 +0300] "GET /portal/login?loginAttempt=true HTTP/1.1" 200 1822 "https://10.49.40.202:9444/portal/login-controller?destination=%2Fportal%2F" "Mozilla/5.0 (Windows NT 6.3; WOW64) AppleWebKit/537.36 (KHTML, like Gecko) Chrome/57.0.2987.133 Safari/537.36"
10.49.31.177 - - [06/Apr/2017:11:22:11 +0300] "GET /portal/libs/font-wso2_1.0.0/css/font-wso2.min.css HTTP/1.1" 200 2641 "https://10.49.40.202:9444/portal/login?loginAttempt=true" "Mozilla/5.0 (Windows NT 6.3; WOW64) AppleWebKit/537.36 (KHTML, like Gecko) Chrome/57.0.2987.133 Safari/537.36"
10.49.31.177 - - [06/Apr/2017:11:22:11 +0300] "GET /portal/libs/bootstrap_3.3.5/css/bootstrap.min.css HTTP/1.1" 200 20162 "https://10.49.40.202:9444/portal/login?loginAttempt=true" "Mozilla/5.0 (Windows NT 6.3; WOW64) AppleWebKit/537.36 (KHTML, like Gecko) Chrome/57.0.2987.133 Safari/537.36"
10.49.31.177 - - [06/Apr/2017:11:22:11 +0300] "GET /portal/libs/nanoscroller_0.8.7/nanoscroller.css HTTP/1.1" 200 1366 "https://10.49.40.202:9444/portal/login?loginAttempt=true" "Mozilla/5.0 (Windows NT 6.3; WOW64) AppleWebKit/537.36 (KHTML, like Gecko) Chrome/57.0.2987.133 Safari/537.36"
10.49.31.177 - - [06/Apr/2017:11:22:11 +0300] "GET /portal/libs/theme-wso2_1.0/css/theme-wso2.css HTTP/1.1" 200 10255 "https://10.49.40.202:9444/portal/login?loginAttempt=true" "Mozilla/5.0 (Windows NT 6.3; WOW64) AppleWebKit/537.36 (KHTML, like Gecko) Chrome/57.0.2987.133 Safari/537.36"
10.49.31.177 - - [06/Apr/2017:11:22:11 +0300] "GET /portal/css/custom.css HTTP/1.1" 200 2944 "https://10.49.40.202:9444/portal/login?loginAttempt=true" "Mozilla/5.0 (Windows NT 6.3; WOW64) AppleWebKit/537.36 (KHTML, like Gecko) Chrome/57.0.2987.133 Safari/537.36"
10.49.31.177 - - [06/Apr/2017:11:22:11 +0300] "GET /portal/css/common.css HTTP/1.1" 200 1994 "https://10.49.40.202:9444/portal/login?loginAttempt=true" "Mozilla/5.0 (Windows NT 6.3; WOW64) AppleWebKit/537.36 (KHTML, like Gecko) Chrome/57.0.2987.133 Safari/537.36"
10.49.31.177 - - [06/Apr/2017:11:22:11 +0300] "GET /portal/extensions/themes/basic/css/portal.css HTTP/1.1" 200 - "https://10.49.40.202:9444/portal/login?loginAttempt=true" "Mozilla/5.0 (Windows NT 6.3; WOW64) AppleWebKit/537.36 (KHTML, like Gecko) Chrome/57.0.2987.133 Safari/537.36"
10.49.31.177 - - [06/Apr/2017:11:22:11 +0300] "GET /portal/css/login.css HTTP/1.1" 200 169 "https://10.49.40.202:9444/portal/login?loginAttempt=true" "Mozilla/5.0 (Windows NT 6.3; WOW64) AppleWebKit/537.36 (KHTML, like Gecko) Chrome/57.0.2987.133 Safari/537.36"
10.49.31.177 - - [06/Apr/2017:11:22:11 +0300] "GET /portal/csrf.js HTTP/1.1" 200 4406 "https://10.49.40.202:9444/portal/login?loginAttempt=true" "Mozilla/5.0 (Windows NT 6.3; WOW64) AppleWebKit/537.36 (KHTML, like Gecko) Chrome/57.0.2987.133 Safari/537.36"
10.49.31.177 - - [06/Apr/2017:11:22:11 +0300] "GET /portal/libs/jquery_1.11.0/jquery-1.11.3.min.js HTTP/1.1" 200 33789 "https://10.49.40.202:9444/portal/login?loginAttempt=true" "Mozilla/5.0 (Windows NT 6.3; WOW64) AppleWebKit/537.36 (KHTML, like Gecko) Chrome/57.0.2987.133 Safari/537.36"
10.49.31.177 - - [06/Apr/2017:11:22:11 +0300] "POST /portal/csrf.js HTTP/1.1" 200 63 "https://10.49.40.202:9444/portal/login?loginAttempt=true" "Mozilla/5.0 (Windows NT 6.3; WOW64) AppleWebKit/537.36 (KHTML, like Gecko) Chrome/57.0.2987.133 Safari/537.36"
10.49.31.177 - - [06/Apr/2017:11:22:11 +0300] "GET /portal/libs/bootstrap_3.3.5/js/bootstrap.min.js HTTP/1.1" 200 9891 "https://10.49.40.202:9444/portal/login?loginAttempt=true" "Mozilla/5.0 (Windows NT 6.3; WOW64) AppleWebKit/537.36 (KHTML, like Gecko) Chrome/57.0.2987.133 Safari/537.36"
127.0.0.1 - - [06/Apr/2017:11:22:16 +0300] "POST /services/AuthenticationAdmin HTTP/1.1" 200 299 "-" "Axis2"
10.49.31.177 - - [06/Apr/2017:11:22:16 +0300] "POST /portal/apis/login HTTP/1.1" 302 - "https://10.49.40.202:9444/portal/login?loginAttempt=true" "Mozilla/5.0 (Windows NT 6.3; WOW64) AppleWebKit/537.36 (KHTML, like Gecko) Chrome/57.0.2987.133 Safari/537.36"
10.49.31.177 - - [06/Apr/2017:11:22:16 +0300] "GET /portal/ HTTP/1.1" 302 - "https://10.49.40.202:9444/portal/login?loginAttempt=true" "Mozilla/5.0 (Windows NT 6.3; WOW64) AppleWebKit/537.36 (KHTML, like Gecko) Chrome/57.0.2987.133 Safari/537.36"
10.49.31.177 - - [06/Apr/2017:11:22:16 +0300] "GET /portal/dashboards/ HTTP/1.1" 200 3002 "https://10.49.40.202:9444/portal/login?loginAttempt=true" "Mozilla/5.0 (Windows NT 6.3; WOW64) AppleWebKit/537.36 (KHTML, like Gecko) Chrome/57.0.2987.133 Safari/537.36"
10.49.31.177 - - [06/Apr/2017:11:22:16 +0300] "GET /portal/libs/bootstrap_3.3.5/css/bootstrap.min.css HTTP/1.1" 200 20162 "https://10.49.40.202:9444/portal/dashboards/" "Mozilla/5.0 (Windows NT 6.3; WOW64) AppleWebKit/537.36 (KHTML, like Gecko) Chrome/57.0.2987.133 Safari/537.36"
10.49.31.177 - - [06/Apr/2017:11:22:16 +0300] "GET /portal/libs/font-wso2_1.0.0/css/font-wso2.min.css HTTP/1.1" 200 2641 "https://10.49.40.202:9444/portal/dashboards/" "Mozilla/5.0 (Windows NT 6.3; WOW64) AppleWebKit/537.36 (KHTML, like Gecko) Chrome/57.0.2987.133 Safari/537.36"
10.49.31.177 - - [06/Apr/2017:11:22:16 +0300] "GET /portal/libs/nanoscroller_0.8.7/nanoscroller.css HTTP/1.1" 200 1366 "https://10.49.40.202:9444/portal/dashboards/" "Mozilla/5.0 (Windows NT 6.3; WOW64) AppleWebKit/537.36 (KHTML, like Gecko) Chrome/57.0.2987.133 Safari/537.36"
10.49.31.177 - - [06/Apr/2017:11:22:16 +0300] "GET /portal/libs/theme-wso2_1.0/css/theme-wso2.css HTTP/1.1" 200 10255 "https://10.49.40.202:9444/portal/dashboards/" "Mozilla/5.0 (Windows NT 6.3; WOW64) AppleWebKit/537.36 (KHTML, like Gecko) Chrome/57.0.2987.133 Safari/537.36"
10.49.31.177 - - [06/Apr/2017:11:22:16 +0300] "GET /portal/css/custom.css HTTP/1.1" 200 2944 "https://10.49.40.202:9444/portal/dashboards/" "Mozilla/5.0 (Windows NT 6.3; WOW64) AppleWebKit/537.36 (KHTML, like Gecko) Chrome/57.0.2987.133 Safari/537.36"
10.49.31.177 - - [06/Apr/2017:11:22:16 +0300] "GET /portal/css/common.css HTTP/1.1" 200 1994 "https://10.49.40.202:9444/portal/dashboards/" "Mozilla/5.0 (Windows NT 6.3; WOW64) AppleWebKit/537.36 (KHTML, like Gecko) Chrome/57.0.2987.133 Safari/537.36"
10.49.31.177 - - [06/Apr/2017:11:22:16 +0300] "GET /portal/css/ladda-themeless.min.css HTTP/1.1" 200 1185 "https://10.49.40.202:9444/portal/dashboards/" "Mozilla/5.0 (Windows NT 6.3; WOW64) AppleWebKit/537.36 (KHTML, like Gecko) Chrome/57.0.2987.133 Safari/537.36"
10.49.31.177 - - [06/Apr/2017:11:22:16 +0300] "GET /portal/css/portal.css HTTP/1.1" 200 1077 "https://10.49.40.202:9444/portal/dashboards/" "Mozilla/5.0 (Windows NT 6.3; WOW64) AppleWebKit/537.36 (KHTML, like Gecko) Chrome/57.0.2987.133 Safari/537.36"
10.49.31.177 - - [06/Apr/2017:11:22:16 +0300] "GET /portal/extensions/themes/basic/css/portal.css HTTP/1.1" 200 - "https://10.49.40.202:9444/portal/dashboards/" "Mozilla/5.0 (Windows NT 6.3; WOW64) AppleWebKit/537.36 (KHTML, like Gecko) Chrome/57.0.2987.133 Safari/537.36"
10.49.31.177 - - [06/Apr/2017:11:22:16 +0300] "GET /portal/csrf.js HTTP/1.1" 200 4406 "https://10.49.40.202:9444/portal/dashboards/" "Mozilla/5.0 (Windows NT 6.3; WOW64) AppleWebKit/537.36 (KHTML, like Gecko) Chrome/57.0.2987.133 Safari/537.36"
10.49.31.177 - - [06/Apr/2017:11:22:16 +0300] "GET /portal/libs/jquery_1.11.0/jquery-1.11.3.min.js HTTP/1.1" 200 33789 "https://10.49.40.202:9444/portal/dashboards/" "Mozilla/5.0 (Windows NT 6.3; WOW64) AppleWebKit/537.36 (KHTML, like Gecko) Chrome/57.0.2987.133 Safari/537.36"
10.49.31.177 - - [06/Apr/2017:11:22:16 +0300] "POST /portal/csrf.js HTTP/1.1" 200 63 "https://10.49.40.202:9444/portal/dashboards/" "Mozilla/5.0 (Windows NT 6.3; WOW64) AppleWebKit/537.36 (KHTML, like Gecko) Chrome/57.0.2987.133 Safari/537.36"
10.49.31.177 - - [06/Apr/2017:11:22:16 +0300] "GET /portal/libs/bootstrap_3.3.5/js/bootstrap.min.js HTTP/1.1" 200 9891 "https://10.49.40.202:9444/portal/dashboards/" "Mozilla/5.0 (Windows NT 6.3; WOW64) AppleWebKit/537.36 (KHTML, like Gecko) Chrome/57.0.2987.133 Safari/537.36"
10.49.31.177 - - [06/Apr/2017:11:22:16 +0300] "GET /portal/libs/handlebars-v4.0.2/handlebars.min.js HTTP/1.1" 200 22092 "https://10.49.40.202:9444/portal/dashboards/" "Mozilla/5.0 (Windows NT 6.3; WOW64) AppleWebKit/537.36 (KHTML, like Gecko) Chrome/57.0.2987.133 Safari/537.36"
10.49.31.177 - - [06/Apr/2017:11:22:16 +0300] "GET /portal/js/spin.min.js HTTP/1.1" 200 2038 "https://10.49.40.202:9444/portal/dashboards/" "Mozilla/5.0 (Windows NT 6.3; WOW64) AppleWebKit/537.36 (KHTML, like Gecko) Chrome/57.0.2987.133 Safari/537.36"
10.49.31.177 - - [06/Apr/2017:11:22:16 +0300] "GET /portal/js/ladda.min.js HTTP/1.1" 200 1483 "https://10.49.40.202:9444/portal/dashboards/" "Mozilla/5.0 (Windows NT 6.3; WOW64) AppleWebKit/537.36 (KHTML, like Gecko) Chrome/57.0.2987.133 Safari/537.36"
10.49.31.177 - - [06/Apr/2017:11:22:16 +0300] "GET /portal/js/ues.js HTTP/1.1" 200 836 "https://10.49.40.202:9444/portal/dashboards/" "Mozilla/5.0 (Windows NT 6.3; WOW64) AppleWebKit/537.36 (KHTML, like Gecko) Chrome/57.0.2987.133 Safari/537.36"
10.49.31.177 - - [06/Apr/2017:11:22:16 +0300] "GET /portal/js/ues-store.js HTTP/1.1" 200 977 "https://10.49.40.202:9444/portal/dashboards/" "Mozilla/5.0 (Windows NT 6.3; WOW64) AppleWebKit/537.36 (KHTML, like Gecko) Chrome/57.0.2987.133 Safari/537.36"
10.49.31.177 - - [06/Apr/2017:11:22:16 +0300] "GET /portal/js/portal.js HTTP/1.1" 200 1796 "https://10.49.40.202:9444/portal/dashboards/" "Mozilla/5.0 (Windows NT 6.3; WOW64) AppleWebKit/537.36 (KHTML, like Gecko) Chrome/57.0.2987.133 Safari/537.36"
10.49.31.177 - - [06/Apr/2017:11:22:17 +0300] "GET /portal/apis/assets?type=dashboard&domain=carbon.super&start=0&count=10 HTTP/1.1" 200 149 "https://10.49.40.202:9444/portal/dashboards/" "Mozilla/5.0 (Windows NT 6.3; WOW64) AppleWebKit/537.36 (KHTML, like Gecko) Chrome/57.0.2987.133 Safari/537.36"
10.49.31.177 - - [06/Apr/2017:11:22:17 +0300] "GET /portal/apis/assets?type=dashboard&domain=carbon.super&start=10&count=10 HTTP/1.1" 200 2 "https://10.49.40.202:9444/portal/dashboards/" "Mozilla/5.0 (Windows NT 6.3; WOW64) AppleWebKit/537.36 (KHTML, like Gecko) Chrome/57.0.2987.133 Safari/537.36"
10.49.31.177 - - [06/Apr/2017:11:22:20 +0300] "GET /portal/dashboards/ei-analytics/ HTTP/1.1" 200 10945 "https://10.49.40.202:9444/portal/dashboards/" "Mozilla/5.0 (Windows NT 6.3; WOW64) AppleWebKit/537.36 (KHTML, like Gecko) Chrome/57.0.2987.133 Safari/537.36"
10.49.31.177 - - [06/Apr/2017:11:22:21 +0300] "GET /portal/libs/font-wso2_1.0.0/css/font-wso2.min.css HTTP/1.1" 200 2641 "https://10.49.40.202:9444/portal/dashboards/ei-analytics/" "Mozilla/5.0 (Windows NT 6.3; WOW64) AppleWebKit/537.36 (KHTML, like Gecko) Chrome/57.0.2987.133 Safari/537.36"
10.49.31.177 - - [06/Apr/2017:11:22:22 +0300] "GET /portal/libs/nanoscroller_0.8.7/nanoscroller.css HTTP/1.1" 200 1366 "https://10.49.40.202:9444/portal/dashboards/ei-analytics/" "Mozilla/5.0 (Windows NT 6.3; WOW64) AppleWebKit/537.36 (KHTML, like Gecko) Chrome/57.0.2987.133 Safari/537.36"
10.49.31.177 - - [06/Apr/2017:11:22:22 +0300] "GET /portal/libs/theme-wso2_1.0/css/theme-wso2.css HTTP/1.1" 200 10255 "https://10.49.40.202:9444/portal/dashboards/ei-analytics/" "Mozilla/5.0 (Windows NT 6.3; WOW64) AppleWebKit/537.36 (KHTML, like Gecko) Chrome/57.0.2987.133 Safari/537.36"
10.49.31.177 - - [06/Apr/2017:11:22:22 +0300] "GET /portal/css/custom.css HTTP/1.1" 200 2944 "https://10.49.40.202:9444/portal/dashboards/ei-analytics/" "Mozilla/5.0 (Windows NT 6.3; WOW64) AppleWebKit/537.36 (KHTML, like Gecko) Chrome/57.0.2987.133 Safari/537.36"
10.49.31.177 - - [06/Apr/2017:11:22:22 +0300] "GET /portal/libs/gridstack.js-0.2.5/gridstack.min.css HTTP/1.1" 200 2256 "https://10.49.40.202:9444/portal/dashboards/ei-analytics/" "Mozilla/5.0 (Windows NT 6.3; WOW64) AppleWebKit/537.36 (KHTML, like Gecko) Chrome/57.0.2987.133 Safari/537.36"
10.49.31.177 - - [06/Apr/2017:11:22:22 +0300] "GET /portal/css/dashboard.css HTTP/1.1" 200 3145 "https://10.49.40.202:9444/portal/dashboards/ei-analytics/" "Mozilla/5.0 (Windows NT 6.3; WOW64) AppleWebKit/537.36 (KHTML, like Gecko) Chrome/57.0.2987.133 Safari/537.36"
10.49.31.177 - - [06/Apr/2017:11:22:23 +0300] "GET /portal/libs/jquery_1.11.0/jquery-1.11.3.min.js HTTP/1.1" 200 33789 "https://10.49.40.202:9444/portal/dashboards/ei-analytics/" "Mozilla/5.0 (Windows NT 6.3; WOW64) AppleWebKit/537.36 (KHTML, like Gecko) Chrome/57.0.2987.133 Safari/537.36"
10.49.31.177 - - [06/Apr/2017:11:22:23 +0300] "GET /portal/libs/bootstrap_3.3.5/css/bootstrap.min.css HTTP/1.1" 200 20162 "https://10.49.40.202:9444/portal/dashboards/ei-analytics/" "Mozilla/5.0 (Windows NT 6.3; WOW64) AppleWebKit/537.36 (KHTML, like Gecko) Chrome/57.0.2987.133 Safari/537.36"
10.49.31.177 - - [06/Apr/2017:11:22:23 +0300] "GET /portal/csrf.js HTTP/1.1" 200 4406 "https://10.49.40.202:9444/portal/dashboards/ei-analytics/" "Mozilla/5.0 (Windows NT 6.3; WOW64) AppleWebKit/537.36 (KHTML, like Gecko) Chrome/57.0.2987.133 Safari/537.36"
10.49.31.177 - - [06/Apr/2017:11:22:23 +0300] "GET /portal/libs/jquery-ui-1.11.4/jquery-ui.min.js HTTP/1.1" 200 64760 "https://10.49.40.202:9444/portal/dashboards/ei-analytics/" "Mozilla/5.0 (Windows NT 6.3; WOW64) AppleWebKit/537.36 (KHTML, like Gecko) Chrome/57.0.2987.133 Safari/537.36"
10.49.31.177 - - [06/Apr/2017:11:22:23 +0300] "GET /portal/libs/nanoscroller_0.8.7/jquery.nanoscroller.min.js HTTP/1.1" 200 3464 "https://10.49.40.202:9444/portal/dashboards/ei-analytics/" "Mozilla/5.0 (Windows NT 6.3; WOW64) AppleWebKit/537.36 (KHTML, like Gecko) Chrome/57.0.2987.133 Safari/537.36"
10.49.31.177 - - [06/Apr/2017:11:22:23 +0300] "GET /portal/libs/theme-wso2_1.0/js/theme-wso2.js HTTP/1.1" 200 6699 "https://10.49.40.202:9444/portal/dashboards/ei-analytics/" "Mozilla/5.0 (Windows NT 6.3; WOW64) AppleWebKit/537.36 (KHTML, like Gecko) Chrome/57.0.2987.133 Safari/537.36"
10.49.31.177 - - [06/Apr/2017:11:22:23 +0300] "POST /portal/csrf.js HTTP/1.1" 200 63 "https://10.49.40.202:9444/portal/dashboards/ei-analytics/" "Mozilla/5.0 (Windows NT 6.3; WOW64) AppleWebKit/537.36 (KHTML, like Gecko) Chrome/57.0.2987.133 Safari/537.36"
10.49.31.177 - - [06/Apr/2017:11:22:23 +0300] "GET /portal/libs/gridstack.js-0.2.5/gridstack.min.js HTTP/1.1" 200 8400 "https://10.49.40.202:9444/portal/dashboards/ei-analytics/" "Mozilla/5.0 (Windows NT 6.3; WOW64) AppleWebKit/537.36 (KHTML, like Gecko) Chrome/57.0.2987.133 Safari/537.36"
10.49.31.177 - - [06/Apr/2017:11:22:23 +0300] "GET /portal/libs/handlebars-v4.0.2/handlebars.min.js HTTP/1.1" 200 22092 "https://10.49.40.202:9444/portal/dashboards/ei-analytics/" "Mozilla/5.0 (Windows NT 6.3; WOW64) AppleWebKit/537.36 (KHTML, like Gecko) Chrome/57.0.2987.133 Safari/537.36"
10.49.31.177 - - [06/Apr/2017:11:22:23 +0300] "GET /portal/libs/jquery-ui-1.11.4/jquery-ui.min.css HTTP/1.1" 200 7362 "https://10.49.40.202:9444/portal/dashboards/ei-analytics/" "Mozilla/5.0 (Windows NT 6.3; WOW64) AppleWebKit/537.36 (KHTML, like Gecko) Chrome/57.0.2987.133 Safari/537.36"
10.49.31.177 - - [06/Apr/2017:11:22:23 +0300] "GET /portal/js/ues-prefs.js HTTP/1.1" 200 848 "https://10.49.40.202:9444/portal/dashboards/ei-analytics/" "Mozilla/5.0 (Windows NT 6.3; WOW64) AppleWebKit/537.36 (KHTML, like Gecko) Chrome/57.0.2987.133 Safari/537.36"
10.49.31.177 - - [06/Apr/2017:11:22:24 +0300] "GET /portal/js/ues-dashboards.js HTTP/1.1" 200 4178 "https://10.49.40.202:9444/portal/dashboards/ei-analytics/" "Mozilla/5.0 (Windows NT 6.3; WOW64) AppleWebKit/537.36 (KHTML, like Gecko) Chrome/57.0.2987.133 Safari/537.36"
10.49.31.177 - - [06/Apr/2017:11:22:25 +0300] "GET /portal/js/ues-gadgets.js HTTP/1.1" 200 1311 "https://10.49.40.202:9444/portal/dashboards/ei-analytics/" "Mozilla/5.0 (Windows NT 6.3; WOW64) AppleWebKit/537.36 (KHTML, like Gecko) Chrome/57.0.2987.133 Safari/537.36"
10.49.31.177 - - [06/Apr/2017:11:22:25 +0300] "GET /portal/extensions/components/gadget/index.js HTTP/1.1" 200 2222 "https://10.49.40.202:9444/portal/dashboards/ei-analytics/" "Mozilla/5.0 (Windows NT 6.3; WOW64) AppleWebKit/537.36 (KHTML, like Gecko) Chrome/57.0.2987.133 Safari/537.36"
10.49.31.177 - - [06/Apr/2017:11:22:25 +0300] "GET /portal/extensions/uris/local/index.js HTTP/1.1" 200 788 "https://10.49.40.202:9444/portal/dashboards/ei-analytics/" "Mozilla/5.0 (Windows NT 6.3; WOW64) AppleWebKit/537.36 (KHTML, like Gecko) Chrome/57.0.2987.133 Safari/537.36"
10.49.31.177 - - [06/Apr/2017:11:22:25 +0300] "GET /portal/extensions/uris/fs/index.js HTTP/1.1" 200 900 "https://10.49.40.202:9444/portal/dashboards/ei-analytics/" "Mozilla/5.0 (Windows NT 6.3; WOW64) AppleWebKit/537.36 (KHTML, like Gecko) Chrome/57.0.2987.133 Safari/537.36"
10.49.31.177 - - [06/Apr/2017:11:22:25 +0300] "GET /portal/js/gadget-properties.js HTTP/1.1" 200 1498 "https://10.49.40.202:9444/portal/dashboards/ei-analytics/" "Mozilla/5.0 (Windows NT 6.3; WOW64) AppleWebKit/537.36 (KHTML, like Gecko) Chrome/57.0.2987.133 Safari/537.36"
10.49.31.177 - - [06/Apr/2017:11:22:25 +0300] "GET /portal/js/dashboard.js HTTP/1.1" 200 2925 "https://10.49.40.202:9444/portal/dashboards/ei-analytics/" "Mozilla/5.0 (Windows NT 6.3; WOW64) AppleWebKit/537.36 (KHTML, like Gecko) Chrome/57.0.2987.133 Safari/537.36"
10.49.31.177 - - [06/Apr/2017:11:22:25 +0300] "GET /portal/js/ds-ajax-api.js HTTP/1.1" 200 2796 "https://10.49.40.202:9444/portal/dashboards/ei-analytics/" "Mozilla/5.0 (Windows NT 6.3; WOW64) AppleWebKit/537.36 (KHTML, like Gecko) Chrome/57.0.2987.133 Safari/537.36"
10.49.31.177 - - [06/Apr/2017:11:22:25 +0300] "GET /portal/extensions/themes/basic/js/dashboard-extensions.js HTTP/1.1" 200 52 "https://10.49.40.202:9444/portal/dashboards/ei-analytics/" "Mozilla/5.0 (Windows NT 6.3; WOW64) AppleWebKit/537.36 (KHTML, like Gecko) Chrome/57.0.2987.133 Safari/537.36"
10.49.31.177 - - [06/Apr/2017:11:22:25 +0300] "GET /portal/libs/bootstrap_3.3.5/js/bootstrap.min.js HTTP/1.1" 200 9891 "https://10.49.40.202:9444/portal/dashboards/ei-analytics/" "Mozilla/5.0 (Windows NT 6.3; WOW64) AppleWebKit/537.36 (KHTML, like Gecko) Chrome/57.0.2987.133 Safari/537.36"
10.49.31.177 - - [06/Apr/2017:11:22:26 +0300] "GET /portal/libs/underscore-1.8.3/underscore-min.js HTTP/1.1" 200 5938 "https://10.49.40.202:9444/portal/dashboards/ei-analytics/" "Mozilla/5.0 (Windows NT 6.3; WOW64) AppleWebKit/537.36 (KHTML, like Gecko) Chrome/57.0.2987.133 Safari/537.36"
10.49.31.177 - - [06/Apr/2017:11:22:26 +0300] "GET /portal/extensions/components/widget/index.js HTTP/1.1" 200 93 "https://10.49.40.202:9444/portal/dashboards/ei-analytics/" "Mozilla/5.0 (Windows NT 6.3; WOW64) AppleWebKit/537.36 (KHTML, like Gecko) Chrome/57.0.2987.133 Safari/537.36"
10.49.31.177 - - [06/Apr/2017:11:22:26 +0300] "GET /portal/js/ds-handlebar-helpers.js HTTP/1.1" 200 1797 "https://10.49.40.202:9444/portal/dashboards/ei-analytics/" "Mozilla/5.0 (Windows NT 6.3; WOW64) AppleWebKit/537.36 (KHTML, like Gecko) Chrome/57.0.2987.133 Safari/537.36"
10.49.31.177 - - [06/Apr/2017:11:22:27 +0300] "GET /portal/js/ues-store.js HTTP/1.1" 200 977 "https://10.49.40.202:9444/portal/dashboards/ei-analytics/" "Mozilla/5.0 (Windows NT 6.3; WOW64) AppleWebKit/537.36 (KHTML, like Gecko) Chrome/57.0.2987.133 Safari/537.36"
10.49.31.177 - - [06/Apr/2017:11:22:27 +0300] "GET /shindig/gadgets/js/container:open-views:opensearch:rpc:xmlutil:pubsub-2.js?c=1&debug=1&container=default HTTP/1.1" 200 114478 "https://10.49.40.202:9444/portal/dashboards/ei-analytics/" "Mozilla/5.0 (Windows NT 6.3; WOW64) AppleWebKit/537.36 (KHTML, like Gecko) Chrome/57.0.2987.133 Safari/537.36"
10.49.31.177 - - [06/Apr/2017:11:22:29 +0300] "GET /portal/apis/assets/publicAssets/EIAnalytics-Gadget-Horizontal_Bar_Chart?domain=carbon.super&type=gadget HTTP/1.1" 200 438 "https://10.49.40.202:9444/portal/dashboards/ei-analytics/" "Mozilla/5.0 (Windows NT 6.3; WOW64) AppleWebKit/537.36 (KHTML, like Gecko) Chrome/57.0.2987.133 Safari/537.36"
10.49.31.177 - - [06/Apr/2017:11:22:30 +0300] "GET /portal/apis/assets/publicAssets/EIAnalytics-Gadget-Horizontal_Bar_Chart?domain=carbon.super&type=gadget HTTP/1.1" 200 438 "https://10.49.40.202:9444/portal/dashboards/ei-analytics/" "Mozilla/5.0 (Windows NT 6.3; WOW64) AppleWebKit/537.36 (KHTML, like Gecko) Chrome/57.0.2987.133 Safari/537.36"
127.0.0.1 - - [06/Apr/2017:11:22:30 +0300] "GET /portal/store/carbon.super/fs/gadget/EIAnalytics-Gadget-Horizontal_Bar_Chart/index.xml HTTP/1.1" 200 1986 "-" "Apache Shindig"
127.0.0.1 - - [06/Apr/2017:11:22:30 +0300] "GET /portal/store/carbon.super/fs/gadget/EIAnalytics-Gadget-Horizontal_Bar_Chart/index.xml HTTP/1.1" 200 1986 "-" "Apache Shindig"
10.49.31.177 - - [06/Apr/2017:11:22:30 +0300] "GET /portal/apis/assets/publicAssets/EIAnalytics-Gadget-Line_Chart?domain=carbon.super&type=gadget HTTP/1.1" 200 540 "https://10.49.40.202:9444/portal/dashboards/ei-analytics/" "Mozilla/5.0 (Windows NT 6.3; WOW64) AppleWebKit/537.36 (KHTML, like Gecko) Chrome/57.0.2987.133 Safari/537.36"
10.49.31.177 - - [06/Apr/2017:11:22:30 +0300] "POST /shindig/rpc?st=-1%3A-1%3A*%3A*%3A*%3A0%3Adefault HTTP/1.1" 200 1422 "https://10.49.40.202:9444/portal/dashboards/ei-analytics/" "Mozilla/5.0 (Windows NT 6.3; WOW64) AppleWebKit/537.36 (KHTML, like Gecko) Chrome/57.0.2987.133 Safari/537.36"
10.49.31.177 - - [06/Apr/2017:11:22:30 +0300] "POST /shindig/rpc?st=-1%3A-1%3A*%3A*%3A*%3A0%3Adefault HTTP/1.1" 200 1422 "https://10.49.40.202:9444/portal/dashboards/ei-analytics/" "Mozilla/5.0 (Windows NT 6.3; WOW64) AppleWebKit/537.36 (KHTML, like Gecko) Chrome/57.0.2987.133 Safari/537.36"
10.49.31.177 - - [06/Apr/2017:11:22:31 +0300] "GET /portal/apis/assets/publicAssets/EIAnalytics-Gadget-Line_Chart?domain=carbon.super&type=gadget HTTP/1.1" 200 540 "https://10.49.40.202:9444/portal/dashboards/ei-analytics/" "Mozilla/5.0 (Windows NT 6.3; WOW64) AppleWebKit/537.36 (KHTML, like Gecko) Chrome/57.0.2987.133 Safari/537.36"
127.0.0.1 - - [06/Apr/2017:11:22:31 +0300] "GET /portal/store/carbon.super/fs/gadget/EIAnalytics-Gadget-Line_Chart/index.xml HTTP/1.1" 200 1887 "-" "Apache Shindig"
10.49.31.177 - - [06/Apr/2017:11:22:31 +0300] "POST /shindig/rpc?st=-1%3A-1%3A*%3A*%3A*%3A0%3Adefault HTTP/1.1" 200 1400 "https://10.49.40.202:9444/portal/dashboards/ei-analytics/" "Mozilla/5.0 (Windows NT 6.3; WOW64) AppleWebKit/537.36 (KHTML, like Gecko) Chrome/57.0.2987.133 Safari/537.36"
10.49.31.177 - - [06/Apr/2017:11:22:31 +0300] "POST /shindig/rpc?st=-1%3A-1%3A*%3A*%3A*%3A0%3Adefault HTTP/1.1" 200 1400 "https://10.49.40.202:9444/portal/dashboards/ei-analytics/" "Mozilla/5.0 (Windows NT 6.3; WOW64) AppleWebKit/537.36 (KHTML, like Gecko) Chrome/57.0.2987.133 Safari/537.36"
10.49.31.177 - - [06/Apr/2017:11:22:32 +0300] "GET /portal/apis/assets/publicAssets/EIAnalytics-Gadget-Date_Range_Picker?domain=carbon.super&type=gadget HTTP/1.1" 200 638 "https://10.49.40.202:9444/portal/dashboards/ei-analytics/" "Mozilla/5.0 (Windows NT 6.3; WOW64) AppleWebKit/537.36 (KHTML, like Gecko) Chrome/57.0.2987.133 Safari/537.36"
10.49.31.177 - - [06/Apr/2017:11:22:32 +0300] "GET /portal/apis/assets/publicAssets/EIAnalytics-Gadget-Stats_Chart?domain=carbon.super&type=gadget HTTP/1.1" 200 503 "https://10.49.40.202:9444/portal/dashboards/ei-analytics/" "Mozilla/5.0 (Windows NT 6.3; WOW64) AppleWebKit/537.36 (KHTML, like Gecko) Chrome/57.0.2987.133 Safari/537.36"
127.0.0.1 - - [06/Apr/2017:11:22:33 +0300] "GET /portal/store/carbon.super/fs/gadget/EIAnalytics-Gadget-Stats_Chart/index.xml HTTP/1.1" 200 1014 "-" "Apache Shindig"
10.49.31.177 - - [06/Apr/2017:11:22:33 +0300] "POST /shindig/rpc?st=-1%3A-1%3A*%3A*%3A*%3A0%3Adefault HTTP/1.1" 200 1183 "https://10.49.40.202:9444/portal/dashboards/ei-analytics/" "Mozilla/5.0 (Windows NT 6.3; WOW64) AppleWebKit/537.36 (KHTML, like Gecko) Chrome/57.0.2987.133 Safari/537.36"
10.49.31.177 - - [06/Apr/2017:11:22:33 +0300] "GET /portal/apis/assets/publicAssets/EIAnalytics-Gadget-Breadcrumb?domain=carbon.super&type=gadget HTTP/1.1" 200 404 "https://10.49.40.202:9444/portal/dashboards/ei-analytics/" "Mozilla/5.0 (Windows NT 6.3; WOW64) AppleWebKit/537.36 (KHTML, like Gecko) Chrome/57.0.2987.133 Safari/537.36"
127.0.0.1 - - [06/Apr/2017:11:22:34 +0300] "GET /portal/store/carbon.super/fs/gadget/EIAnalytics-Gadget-Breadcrumb/index.xml HTTP/1.1" 200 1530 "-" "Apache Shindig"
10.49.31.177 - - [06/Apr/2017:11:22:34 +0300] "POST /shindig/rpc?st=-1%3A-1%3A*%3A*%3A*%3A0%3Adefault HTTP/1.1" 200 1196 "https://10.49.40.202:9444/portal/dashboards/ei-analytics/" "Mozilla/5.0 (Windows NT 6.3; WOW64) AppleWebKit/537.36 (KHTML, like Gecko) Chrome/57.0.2987.133 Safari/537.36"
10.49.31.177 - - [06/Apr/2017:11:22:34 +0300] "GET /portal/apis/assets/publicAssets/EIAnalytics-Gadget-Horizontal_Bar_Chart?domain=carbon.super&type=gadget HTTP/1.1" 200 438 "https://10.49.40.202:9444/portal/dashboards/ei-analytics/" "Mozilla/5.0 (Windows NT 6.3; WOW64) AppleWebKit/537.36 (KHTML, like Gecko) Chrome/57.0.2987.133 Safari/537.36"
127.0.0.1 - - [06/Apr/2017:11:22:34 +0300] "GET /portal/store/carbon.super/fs/gadget/EIAnalytics-Gadget-Date_Range_Picker/index.xml HTTP/1.1" 200 970 "-" "Apache Shindig"
10.49.31.177 - - [06/Apr/2017:11:22:34 +0300] "POST /shindig/rpc?st=-1%3A-1%3A*%3A*%3A*%3A0%3Adefault HTTP/1.1" 200 1218 "https://10.49.40.202:9444/portal/dashboards/ei-analytics/" "Mozilla/5.0 (Windows NT 6.3; WOW64) AppleWebKit/537.36 (KHTML, like Gecko) Chrome/57.0.2987.133 Safari/537.36"
10.49.31.177 - - [06/Apr/2017:11:22:34 +0300] "POST /shindig/rpc?st=-1%3A-1%3A*%3A*%3A*%3A0%3Adefault HTTP/1.1" 200 1422 "https://10.49.40.202:9444/portal/dashboards/ei-analytics/" "Mozilla/5.0 (Windows NT 6.3; WOW64) AppleWebKit/537.36 (KHTML, like Gecko) Chrome/57.0.2987.133 Safari/537.36"
10.49.31.177 - - [06/Apr/2017:11:22:34 +0300] "GET /portal/apis/assets/publicAssets/EIAnalytics-Gadget-Horizontal_Bar_Chart?domain=carbon.super&type=gadget HTTP/1.1" 200 438 "https://10.49.40.202:9444/portal/dashboards/ei-analytics/" "Mozilla/5.0 (Windows NT 6.3; WOW64) AppleWebKit/537.36 (KHTML, like Gecko) Chrome/57.0.2987.133 Safari/537.36"
10.49.31.177 - - [06/Apr/2017:11:22:35 +0300] "POST /shindig/rpc?st=-1%3A-1%3A*%3A*%3A*%3A0%3Adefault HTTP/1.1" 200 1422 "https://10.49.40.202:9444/portal/dashboards/ei-analytics/" "Mozilla/5.0 (Windows NT 6.3; WOW64) AppleWebKit/537.36 (KHTML, like Gecko) Chrome/57.0.2987.133 Safari/537.36"
10.49.31.177 - - [06/Apr/2017:11:22:35 +0300] "GET /portal/apis/assets/publicAssets/EIAnalytics-Gadget-Horizontal_Bar_Chart?domain=carbon.super&type=gadget HTTP/1.1" 200 438 "https://10.49.40.202:9444/portal/dashboards/ei-analytics/" "Mozilla/5.0 (Windows NT 6.3; WOW64) AppleWebKit/537.36 (KHTML, like Gecko) Chrome/57.0.2987.133 Safari/537.36"
10.49.31.177 - - [06/Apr/2017:11:22:35 +0300] "POST /shindig/rpc?st=-1%3A-1%3A*%3A*%3A*%3A0%3Adefault HTTP/1.1" 200 1422 "https://10.49.40.202:9444/portal/dashboards/ei-analytics/" "Mozilla/5.0 (Windows NT 6.3; WOW64) AppleWebKit/537.36 (KHTML, like Gecko) Chrome/57.0.2987.133 Safari/537.36"
127.0.0.1 - - [06/Apr/2017:11:22:36 +0300] "GET /portal/store/carbon.super/fs/gadget/EIAnalytics-Gadget-Horizontal_Bar_Chart/index.xml HTTP/1.1" 200 1986 "-" "Apache Shindig"
127.0.0.1 - - [06/Apr/2017:11:22:36 +0300] "GET /portal/store/carbon.super/fs/gadget/EIAnalytics-Gadget-Line_Chart/index.xml HTTP/1.1" 200 1887 "-" "Apache Shindig"
10.49.31.177 - - [06/Apr/2017:11:22:36 +0300] "GET /shindig/gadgets/ifr?url=https%3A%2F%2Flocalhost%3A9444%2Fportal%2Fstore%2Fcarbon.super%2Ffs%2Fgadget%2FEIAnalytics-Gadget-Line_Chart%2Findex.xml&container=default&view=default&lang=en&country=US&debug=1&nocache=1&sanitize=%25sanitize%25&v=198dba232bb528798570815210fd71e7&testmode=0&parent=https%3A%2F%2F10.49.40.202%3A9444&mid=0 HTTP/1.1" 200 1347 "https://10.49.40.202:9444/portal/dashboards/ei-analytics/" "Mozilla/5.0 (Windows NT 6.3; WOW64) AppleWebKit/537.36 (KHTML, like Gecko) Chrome/57.0.2987.133 Safari/537.36"
10.49.31.177 - - [06/Apr/2017:11:22:36 +0300] "GET /shindig/gadgets/ifr?url=https%3A%2F%2Flocalhost%3A9444%2Fportal%2Fstore%2Fcarbon.super%2Ffs%2Fgadget%2FEIAnalytics-Gadget-Horizontal_Bar_Chart%2Findex.xml&container=default&view=default&lang=en&country=US&debug=1&nocache=1&sanitize=%25sanitize%25&v=198dba232bb528798570815210fd71e7&testmode=0&parent=https%3A%2F%2F10.49.40.202%3A9444&mid=0 HTTP/1.1" 200 1357 "https://10.49.40.202:9444/portal/dashboards/ei-analytics/" "Mozilla/5.0 (Windows NT 6.3; WOW64) AppleWebKit/537.36 (KHTML, like Gecko) Chrome/57.0.2987.133 Safari/537.36"
127.0.0.1 - - [06/Apr/2017:11:22:36 +0300] "GET /portal/store/carbon.super/fs/gadget/EIAnalytics-Gadget-Breadcrumb/index.xml HTTP/1.1" 200 1530 "-" "Apache Shindig"
127.0.0.1 - - [06/Apr/2017:11:22:36 +0300] "GET /portal/store/carbon.super/fs/gadget/EIAnalytics-Gadget-Date_Range_Picker/index.xml HTTP/1.1" 200 970 "-" "Apache Shindig"
10.49.31.177 - - [06/Apr/2017:11:22:36 +0300] "GET /shindig/gadgets/ifr?url=https%3A%2F%2Flocalhost%3A9444%2Fportal%2Fstore%2Fcarbon.super%2Ffs%2Fgadget%2FEIAnalytics-Gadget-Breadcrumb%2Findex.xml&container=default&view=default&lang=en&country=US&debug=1&nocache=1&sanitize=%25sanitize%25&v=198dba232bb528798570815210fd71e7&testmode=0&parent=https%3A%2F%2F10.49.40.202%3A9444&mid=0 HTTP/1.1" 200 1303 "https://10.49.40.202:9444/portal/dashboards/ei-analytics/" "Mozilla/5.0 (Windows NT 6.3; WOW64) AppleWebKit/537.36 (KHTML, like Gecko) Chrome/57.0.2987.133 Safari/537.36"
10.49.31.177 - - [06/Apr/2017:11:22:36 +0300] "GET /shindig/gadgets/ifr?url=https%3A%2F%2Flocalhost%3A9444%2Fportal%2Fstore%2Fcarbon.super%2Ffs%2Fgadget%2FEIAnalytics-Gadget-Date_Range_Picker%2Findex.xml&container=default&view=default&lang=en&country=US&debug=1&nocache=1&sanitize=%25sanitize%25&v=198dba232bb528798570815210fd71e7&testmode=0&parent=https%3A%2F%2F10.49.40.202%3A9444&mid=0 HTTP/1.1" 200 1728 "https://10.49.40.202:9444/portal/dashboards/ei-analytics/" "Mozilla/5.0 (Windows NT 6.3; WOW64) AppleWebKit/537.36 (KHTML, like Gecko) Chrome/57.0.2987.133 Safari/537.36"
127.0.0.1 - - [06/Apr/2017:11:22:37 +0300] "GET /portal/store/carbon.super/fs/gadget/EIAnalytics-Gadget-Stats_Chart/index.xml HTTP/1.1" 200 1014 "-" "Apache Shindig"
10.49.31.177 - - [06/Apr/2017:11:22:37 +0300] "GET /shindig/gadgets/ifr?url=https%3A%2F%2Flocalhost%3A9444%2Fportal%2Fstore%2Fcarbon.super%2Ffs%2Fgadget%2FEIAnalytics-Gadget-Stats_Chart%2Findex.xml&container=default&view=default&lang=en&country=US&debug=1&nocache=1&sanitize=%25sanitize%25&v=198dba232bb528798570815210fd71e7&testmode=0&parent=https%3A%2F%2F10.49.40.202%3A9444&mid=0 HTTP/1.1" 200 1790 "https://10.49.40.202:9444/portal/dashboards/ei-analytics/" "Mozilla/5.0 (Windows NT 6.3; WOW64) AppleWebKit/537.36 (KHTML, like Gecko) Chrome/57.0.2987.133 Safari/537.36"
127.0.0.1 - - [06/Apr/2017:11:22:37 +0300] "GET /portal/store/carbon.super/fs/gadget/EIAnalytics-Gadget-Line_Chart/index.xml HTTP/1.1" 200 1887 "-" "Apache Shindig"
10.49.31.177 - - [06/Apr/2017:11:22:37 +0300] "GET /shindig/gadgets/ifr?url=https%3A%2F%2Flocalhost%3A9444%2Fportal%2Fstore%2Fcarbon.super%2Ffs%2Fgadget%2FEIAnalytics-Gadget-Line_Chart%2Findex.xml&container=default&view=default&lang=en&country=US&debug=1&nocache=1&sanitize=%25sanitize%25&v=198dba232bb528798570815210fd71e7&testmode=0&parent=https%3A%2F%2F10.49.40.202%3A9444&mid=0 HTTP/1.1" 200 1347 "https://10.49.40.202:9444/portal/dashboards/ei-analytics/" "Mozilla/5.0 (Windows NT 6.3; WOW64) AppleWebKit/537.36 (KHTML, like Gecko) Chrome/57.0.2987.133 Safari/537.36"
127.0.0.1 - - [06/Apr/2017:11:22:37 +0300] "GET /portal/store/carbon.super/fs/gadget/EIAnalytics-Gadget-Horizontal_Bar_Chart/index.xml HTTP/1.1" 200 1986 "-" "Apache Shindig"
10.49.31.177 - - [06/Apr/2017:11:22:37 +0300] "GET /shindig/gadgets/ifr?url=https%3A%2F%2Flocalhost%3A9444%2Fportal%2Fstore%2Fcarbon.super%2Ffs%2Fgadget%2FEIAnalytics-Gadget-Horizontal_Bar_Chart%2Findex.xml&container=default&view=default&lang=en&country=US&debug=1&nocache=1&sanitize=%25sanitize%25&v=198dba232bb528798570815210fd71e7&testmode=0&parent=https%3A%2F%2F10.49.40.202%3A9444&mid=0 HTTP/1.1" 200 1357 "https://10.49.40.202:9444/portal/dashboards/ei-analytics/" "Mozilla/5.0 (Windows NT 6.3; WOW64) AppleWebKit/537.36 (KHTML, like Gecko) Chrome/57.0.2987.133 Safari/537.36"
127.0.0.1 - - [06/Apr/2017:11:22:37 +0300] "GET /portal/store/carbon.super/fs/gadget/EIAnalytics-Gadget-Horizontal_Bar_Chart/index.xml HTTP/1.1" 200 1986 "-" "Apache Shindig"
10.49.31.177 - - [06/Apr/2017:11:22:37 +0300] "GET /shindig/gadgets/ifr?url=https%3A%2F%2Flocalhost%3A9444%2Fportal%2Fstore%2Fcarbon.super%2Ffs%2Fgadget%2FEIAnalytics-Gadget-Horizontal_Bar_Chart%2Findex.xml&container=default&view=default&lang=en&country=US&debug=1&nocache=1&sanitize=%25sanitize%25&v=198dba232bb528798570815210fd71e7&testmode=0&parent=https%3A%2F%2F10.49.40.202%3A9444&mid=0 HTTP/1.1" 200 1357 "https://10.49.40.202:9444/portal/dashboards/ei-analytics/" "Mozilla/5.0 (Windows NT 6.3; WOW64) AppleWebKit/537.36 (KHTML, like Gecko) Chrome/57.0.2987.133 Safari/537.36"
127.0.0.1 - - [06/Apr/2017:11:22:37 +0300] "GET /portal/libs/font-wso2_1.0.0/css/font-wso2.min.css HTTP/1.1" 200 2641 "-" "Apache Shindig"
127.0.0.1 - - [06/Apr/2017:11:22:37 +0300] "GET /portal/libs/bootstrap_3.3.5/css/bootstrap.min.css HTTP/1.1" 200 20162 "-" "Apache Shindig"
127.0.0.1 - - [06/Apr/2017:11:22:37 +0300] "GET /portal/store/carbon.super/fs/gadget/EIAnalytics-Gadget-commons/css/gadget.css HTTP/1.1" 200 1137 "-" "Apache Shindig"
127.0.0.1 - - [06/Apr/2017:11:22:37 +0300] "GET /portal/store/carbon.super/fs/gadget/EIAnalytics-Gadget-Horizontal_Bar_Chart/css/custom.css HTTP/1.1" 200 245 "-" "Apache Shindig"
127.0.0.1 - - [06/Apr/2017:11:22:37 +0300] "GET /portal/libs/theme-wso2_1.0/css/theme-wso2.css HTTP/1.1" 200 10255 "-" "Apache Shindig"
127.0.0.1 - - [06/Apr/2017:11:22:37 +0300] "GET /portal/store/carbon.super/fs/gadget/EIAnalytics-Gadget-Horizontal_Bar_Chart/index.xml HTTP/1.1" 200 1986 "-" "Apache Shindig"
127.0.0.1 - - [06/Apr/2017:11:22:37 +0300] "GET /portal/store/carbon.super/fs/gadget/EIAnalytics-Gadget-commons/css/gadget.css HTTP/1.1" 200 1137 "-" "Apache Shindig"
127.0.0.1 - - [06/Apr/2017:11:22:37 +0300] "GET /portal/libs/font-wso2_1.0.0/css/font-wso2.min.css HTTP/1.1" 200 2641 "-" "Apache Shindig"
127.0.0.1 - - [06/Apr/2017:11:22:37 +0300] "GET /portal/libs/font-wso2_1.0.0/css/font-wso2.min.css HTTP/1.1" 200 2641 "-" "Apache Shindig"
127.0.0.1 - - [06/Apr/2017:11:22:37 +0300] "GET /portal/libs/bootstrap_3.3.5/css/bootstrap.min.css HTTP/1.1" 200 20162 "-" "Apache Shindig"
127.0.0.1 - - [06/Apr/2017:11:22:38 +0300] "GET /portal/store/carbon.super/fs/gadget/EIAnalytics-Gadget-Line_Chart/css/custom.css HTTP/1.1" 200 245 "-" "Apache Shindig"
127.0.0.1 - - [06/Apr/2017:11:22:38 +0300] "GET /portal/store/carbon.super/fs/gadget/EIAnalytics-Gadget-Line_Chart/index.xml HTTP/1.1" 200 1887 "-" "Apache Shindig"
127.0.0.1 - - [06/Apr/2017:11:22:38 +0300] "GET /portal/store/carbon.super/fs/gadget/EIAnalytics-Gadget-Date_Range_Picker/css/font-awesome.min.css HTTP/1.1" 200 6807 "-" "Apache Shindig"
127.0.0.1 - - [06/Apr/2017:11:22:38 +0300] "GET /portal/libs/theme-wso2_1.0/css/theme-wso2.css HTTP/1.1" 200 10255 "-" "Apache Shindig"
127.0.0.1 - - [06/Apr/2017:11:22:38 +0300] "GET /portal/libs/bootstrap_3.3.5/css/bootstrap.min.css HTTP/1.1" 200 20162 "-" "Apache Shindig"
127.0.0.1 - - [06/Apr/2017:11:22:38 +0300] "GET /portal/store/carbon.super/fs/gadget/EIAnalytics-Gadget-Date_Range_Picker/css/daterangepicker.css HTTP/1.1" 200 2297 "-" "Apache Shindig"
127.0.0.1 - - [06/Apr/2017:11:22:38 +0300] "GET /portal/store/carbon.super/fs/gadget/EIAnalytics-Gadget-Date_Range_Picker/index.xml HTTP/1.1" 200 970 "-" "Apache Shindig"
127.0.0.1 - - [06/Apr/2017:11:22:38 +0300] "GET /portal/store/carbon.super/fs/gadget/EIAnalytics-Gadget-Horizontal_Bar_Chart/index.xml HTTP/1.1" 200 1986 "-" "Apache Shindig"
127.0.0.1 - - [06/Apr/2017:11:22:38 +0300] "GET /portal/store/carbon.super/fs/gadget/EIAnalytics-Gadget-commons/css/gadget.css HTTP/1.1" 200 1137 "-" "Apache Shindig"
10.49.31.177 - - [06/Apr/2017:11:22:38 +0300] "GET /shindig/gadgets/ifr?url=https%3A%2F%2Flocalhost%3A9444%2Fportal%2Fstore%2Fcarbon.super%2Ffs%2Fgadget%2FEIAnalytics-Gadget-Horizontal_Bar_Chart%2Findex.xml&container=default&view=default&lang=en&country=US&debug=1&nocache=1&sanitize=%25sanitize%25&v=198dba232bb528798570815210fd71e7&testmode=0&parent=https%3A%2F%2F10.49.40.202%3A9444&mid=0 HTTP/1.1" 200 1357 "https://10.49.40.202:9444/portal/dashboards/ei-analytics/" "Mozilla/5.0 (Windows NT 6.3; WOW64) AppleWebKit/537.36 (KHTML, like Gecko) Chrome/57.0.2987.133 Safari/537.36"
127.0.0.1 - - [06/Apr/2017:11:22:38 +0300] "GET /portal/libs/theme-wso2_1.0/css/theme-wso2.css HTTP/1.1" 200 10255 "-" "Apache Shindig"
127.0.0.1 - - [06/Apr/2017:11:22:38 +0300] "GET /portal/store/carbon.super/fs/gadget/EIAnalytics-Gadget-Horizontal_Bar_Chart/index.xml HTTP/1.1" 200 1986 "-" "Apache Shindig"
10.49.31.177 - - [06/Apr/2017:11:22:38 +0300] "GET /shindig/gadgets/ifr?url=https%3A%2F%2Flocalhost%3A9444%2Fportal%2Fstore%2Fcarbon.super%2Ffs%2Fgadget%2FEIAnalytics-Gadget-Horizontal_Bar_Chart%2Findex.xml&container=default&view=default&lang=en&country=US&debug=1&nocache=1&sanitize=%25sanitize%25&v=198dba232bb528798570815210fd71e7&testmode=0&parent=https%3A%2F%2F10.49.40.202%3A9444&mid=0 HTTP/1.1" 200 1357 "https://10.49.40.202:9444/portal/dashboards/ei-analytics/" "Mozilla/5.0 (Windows NT 6.3; WOW64) AppleWebKit/537.36 (KHTML, like Gecko) Chrome/57.0.2987.133 Safari/537.36"
127.0.0.1 - - [06/Apr/2017:11:22:39 +0300] "GET /portal/store/carbon.super/fs/gadget/EIAnalytics-Gadget-Line_Chart/index.xml HTTP/1.1" 200 1887 "-" "Apache Shindig"
127.0.0.1 - - [06/Apr/2017:11:22:39 +0300] "GET /portal/store/carbon.super/fs/gadget/EIAnalytics-Gadget-Date_Range_Picker/index.xml HTTP/1.1" 200 970 "-" "Apache Shindig"
127.0.0.1 - - [06/Apr/2017:11:22:39 +0300] "GET /portal/store/carbon.super/fs/gadget/EIAnalytics-Gadget-Horizontal_Bar_Chart/index.xml HTTP/1.1" 200 1986 "-" "Apache Shindig"
127.0.0.1 - - [06/Apr/2017:11:22:39 +0300] "GET /portal/libs/bootstrap_3.3.5/css/bootstrap.min.css HTTP/1.1" 200 20162 "-" "Apache Shindig"
127.0.0.1 - - [06/Apr/2017:11:22:39 +0300] "GET /portal/libs/theme-wso2_1.0/css/theme-wso2.css HTTP/1.1" 200 10255 "-" "Apache Shindig"
127.0.0.1 - - [06/Apr/2017:11:22:39 +0300] "GET /portal/store/carbon.super/fs/gadget/EIAnalytics-Gadget-commons/css/gadget.css HTTP/1.1" 200 1137 "-" "Apache Shindig"
127.0.0.1 - - [06/Apr/2017:11:22:39 +0300] "GET /portal/libs/font-wso2_1.0.0/css/font-wso2.min.css HTTP/1.1" 200 2641 "-" "Apache Shindig"
127.0.0.1 - - [06/Apr/2017:11:22:39 +0300] "GET /portal/store/carbon.super/fs/gadget/EIAnalytics-Gadget-Breadcrumb/index.xml HTTP/1.1" 200 1530 "-" "Apache Shindig"
127.0.0.1 - - [06/Apr/2017:11:22:39 +0300] "GET /portal/store/carbon.super/fs/gadget/EIAnalytics-Gadget-Breadcrumb/css/custom.css HTTP/1.1" 200 26 "-" "Apache Shindig"
127.0.0.1 - - [06/Apr/2017:11:22:39 +0300] "GET /portal/store/carbon.super/fs/gadget/EIAnalytics-Gadget-Date_Range_Picker/index.xml HTTP/1.1" 200 970 "-" "Apache Shindig"
127.0.0.1 - - [06/Apr/2017:11:22:39 +0300] "GET /portal/store/carbon.super/fs/gadget/EIAnalytics-Gadget-Line_Chart/index.xml HTTP/1.1" 200 1887 "-" "Apache Shindig"
127.0.0.1 - - [06/Apr/2017:11:22:39 +0300] "GET /portal/store/carbon.super/fs/gadget/EIAnalytics-Gadget-Horizontal_Bar_Chart/index.xml HTTP/1.1" 200 1986 "-" "Apache Shindig"
127.0.0.1 - - [06/Apr/2017:11:22:39 +0300] "GET /portal/store/carbon.super/fs/gadget/EIAnalytics-Gadget-Breadcrumb/index.xml HTTP/1.1" 200 1530 "-" "Apache Shindig"
127.0.0.1 - - [06/Apr/2017:11:22:39 +0300] "GET /portal/store/carbon.super/fs/gadget/EIAnalytics-Gadget-Breadcrumb/index.xml HTTP/1.1" 200 1530 "-" "Apache Shindig"
127.0.0.1 - - [06/Apr/2017:11:22:39 +0300] "GET /portal/store/carbon.super/fs/gadget/EIAnalytics-Gadget-Horizontal_Bar_Chart/index.xml HTTP/1.1" 200 1986 "-" "Apache Shindig"
127.0.0.1 - - [06/Apr/2017:11:22:39 +0300] "GET /portal/store/carbon.super/fs/gadget/EIAnalytics-Gadget-Line_Chart/index.xml HTTP/1.1" 200 1887 "-" "Apache Shindig"
127.0.0.1 - - [06/Apr/2017:11:22:39 +0300] "GET /portal/store/carbon.super/fs/gadget/EIAnalytics-Gadget-Breadcrumb/index.xml HTTP/1.1" 200 1530 "-" "Apache Shindig"
127.0.0.1 - - [06/Apr/2017:11:22:39 +0300] "GET /portal/store/carbon.super/fs/gadget/EIAnalytics-Gadget-Horizontal_Bar_Chart/index.xml HTTP/1.1" 200 1986 "-" "Apache Shindig"
127.0.0.1 - - [06/Apr/2017:11:22:39 +0300] "GET /portal/store/carbon.super/fs/gadget/EIAnalytics-Gadget-Date_Range_Picker/index.xml HTTP/1.1" 200 970 "-" "Apache Shindig"
127.0.0.1 - - [06/Apr/2017:11:22:39 +0300] "GET /portal/store/carbon.super/fs/gadget/EIAnalytics-Gadget-Line_Chart/index.xml HTTP/1.1" 200 1887 "-" "Apache Shindig"
10.49.31.177 - - [06/Apr/2017:11:22:39 +0300] "GET /shindig/gadgets/concat?container=default&gadget=https%3A%2F%2Flocalhost%3A9444%2Fportal%2Fstore%2Fcarbon.super%2Ffs%2Fgadget%2FEIAnalytics-Gadget-Horizontal_Bar_Chart%2Findex.xml&debug=1&nocache=1&type=css&1=https%3A%2F%2Flocalhost%3A9444%2Fportal%2Flibs%2Fbootstrap_3.3.5%2Fcss%2Fbootstrap.min.css&2=https%3A%2F%2Flocalhost%3A9444%2Fportal%2Flibs%2Ffont-wso2_1.0.0%2Fcss%2Ffont-wso2.min.css&3=https%3A%2F%2Flocalhost%3A9444%2Fportal%2Flibs%2Ftheme-wso2_1.0%2Fcss%2Ftheme-wso2.css&4=https%3A%2F%2Flocalhost%3A9444%2Fportal%2Fstore%2Fcarbon.super%2Ffs%2Fgadget%2FEIAnalytics-Gadget-commons%2Fcss%2Fgadget.css&5=https%3A%2F%2Flocalhost%3A9444%2Fportal%2Fstore%2Fcarbon.super%2Ffs%2Fgadget%2FEIAnalytics-Gadget-Horizontal_Bar_Chart%2Fcss%2Fcustom.css HTTP/1.1" 200 28198 "https://10.49.40.202:9444/shindig/gadgets/ifr?url=https%3A%2F%2Flocalhost%3A9444%2Fportal%2Fstore%2Fcarbon.super%2Ffs%2Fgadget%2FEIAnalytics-Gadget-Horizontal_Bar_Chart%2Findex.xml&container=default&view=default&lang=en&country=US&debug=1&nocache=1&sanitize=%25sanitize%25&v=198dba232bb528798570815210fd71e7&testmode=0&parent=https%3A%2F%2F10.49.40.202%3A9444&mid=0" "Mozilla/5.0 (Windows NT 6.3; WOW64) AppleWebKit/537.36 (KHTML, like Gecko) Chrome/57.0.2987.133 Safari/537.36"
127.0.0.1 - - [06/Apr/2017:11:22:39 +0300] "GET /portal/store/carbon.super/fs/gadget/EIAnalytics-Gadget-Breadcrumb/index.xml HTTP/1.1" 200 1530 "-" "Apache Shindig"
