127.0.0.1 - - [06/Apr/2017:11:23:32 +0300] "GET /portal/store/carbon.super/fs/gadget/EIAnalytics-Gadget-Line_Chart/index.xml HTTP/1.1" 200 1887 "-" "Apache Shindig"
127.0.0.1 - - [06/Apr/2017:11:23:32 +0300] "GET /portal/store/carbon.super/fs/gadget/EIAnalytics-Gadget-Line_Chart/index.xml HTTP/1.1" 200 1887 "-" "Apache Shindig"
127.0.0.1 - - [06/Apr/2017:11:23:32 +0300] "GET /portal/store/carbon.super/fs/gadget/EIAnalytics-Gadget-Line_Chart/index.xml HTTP/1.1" 200 1887 "-" "Apache Shindig"
10.49.31.177 - - [06/Apr/2017:11:23:32 +0300] "GET /shindig/gadgets/concat?container=default&gadget=https%3A%2F%2Flocalhost%3A9444%2Fportal%2Fstore%2Fcarbon.super%2Ffs%2Fgadget%2FEIAnalytics-Gadget-Line_Chart%2Findex.xml&debug=1&nocache=1&type=css&1=https%3A%2F%2Flocalhost%3A9444%2Fportal%2Flibs%2Fbootstrap_3.3.5%2Fcss%2Fbootstrap.min.css&2=https%3A%2F%2Flocalhost%3A9444%2Fportal%2Flibs%2Ffont-wso2_1.0.0%2Fcss%2Ffont-wso2.min.css&3=https%3A%2F%2Flocalhost%3A9444%2Fportal%2Flibs%2Ftheme-wso2_1.0%2Fcss%2Ftheme-wso2.css&4=https%3A%2F%2Flocalhost%3A9444%2Fportal%2Fstore%2Fcarbon.super%2Ffs%2Fgadget%2FEIAnalytics-Gadget-commons%2Fcss%2Fgadget.css&5=https%3A%2F%2Flocalhost%3A9444%2Fportal%2Fstore%2Fcarbon.super%2Ffs%2Fgadget%2FEIAnalytics-Gadget-Line_Chart%2Fcss%2Fcustom.css HTTP/1.1" 200 28195 "https://10.49.40.202:9444/shindig/gadgets/ifr?url=https%3A%2F%2Flocalhost%3A9444%2Fportal%2Fstore%2Fcarbon.super%2Ffs%2Fgadget%2FEIAnalytics-Gadget-Line_Chart%2Findex.xml&container=default&view=default&lang=en&country=US&debug=1&nocache=1&sanitize=%25sanitize%25&v=198dba232bb528798570815210fd71e7&testmode=0&parent=https%3A%2F%2F10.49.40.202%3A9444&mid=0" "Mozilla/5.0 (Windows NT 6.3; WOW64) AppleWebKit/537.36 (KHTML, like Gecko) Chrome/57.0.2987.133 Safari/537.36"
10.49.31.177 - - [06/Apr/2017:11:23:33 +0300] "GET /carbon/activitydashboard/index.jsp?region=region1&item=activity_dashboard HTTP/1.1" 200 5893 "https://10.49.40.202:9444/carbon/dashboard/index.jsp?region=region1&item=analytics_dashboard" "Mozilla/5.0 (Windows NT 6.3; WOW64) AppleWebKit/537.36 (KHTML, like Gecko) Chrome/57.0.2987.133 Safari/537.36"
10.49.31.177 - - [06/Apr/2017:11:23:33 +0300] "GET /carbon/admin/css/global.css HTTP/1.1" 200 5311 "https://10.49.40.202:9444/carbon/activitydashboard/index.jsp?region=region1&item=activity_dashboard" "Mozilla/5.0 (Windows NT 6.3; WOW64) AppleWebKit/537.36 (KHTML, like Gecko) Chrome/57.0.2987.133 Safari/537.36"
10.49.31.177 - - [06/Apr/2017:11:23:33 +0300] "GET /carbon/admin/jsp/registry_styles_ajaxprocessor.jsp HTTP/1.1" 200 123 "https://10.49.40.202:9444/carbon/activitydashboard/index.jsp?region=region1&item=activity_dashboard" "Mozilla/5.0 (Windows NT 6.3; WOW64) AppleWebKit/537.36 (KHTML, like Gecko) Chrome/57.0.2987.133 Safari/537.36"
10.49.31.177 - - [06/Apr/2017:11:23:33 +0300] "GET /carbon/styles/css/main.css HTTP/1.1" 200 1412 "https://10.49.40.202:9444/carbon/activitydashboard/index.jsp?region=region1&item=activity_dashboard" "Mozilla/5.0 (Windows NT 6.3; WOW64) AppleWebKit/537.36 (KHTML, like Gecko) Chrome/57.0.2987.133 Safari/537.36"
10.49.31.177 - - [06/Apr/2017:11:23:33 +0300] "GET /carbon/dialog/css/dialog.css HTTP/1.1" 200 556 "https://10.49.40.202:9444/carbon/activitydashboard/index.jsp?region=region1&item=activity_dashboard" "Mozilla/5.0 (Windows NT 6.3; WOW64) AppleWebKit/537.36 (KHTML, like Gecko) Chrome/57.0.2987.133 Safari/537.36"
10.49.31.177 - - [06/Apr/2017:11:23:33 +0300] "GET /carbon/admin/css/carbonFormStyles.css HTTP/1.1" 200 2050 "https://10.49.40.202:9444/carbon/activitydashboard/index.jsp?region=region1&item=activity_dashboard" "Mozilla/5.0 (Windows NT 6.3; WOW64) AppleWebKit/537.36 (KHTML, like Gecko) Chrome/57.0.2987.133 Safari/537.36"
10.49.31.177 - - [06/Apr/2017:11:23:33 +0300] "GET /carbon/activitydashboard/css/activity.css HTTP/1.1" 200 915 "https://10.49.40.202:9444/carbon/activitydashboard/index.jsp?region=region1&item=activity_dashboard" "Mozilla/5.0 (Windows NT 6.3; WOW64) AppleWebKit/537.36 (KHTML, like Gecko) Chrome/57.0.2987.133 Safari/537.36"
10.49.31.177 - - [06/Apr/2017:11:23:34 +0300] "GET /carbon/activitydashboard/js/jquery-ui.min.css HTTP/1.1" 200 7663 "https://10.49.40.202:9444/carbon/activitydashboard/index.jsp?region=region1&item=activity_dashboard" "Mozilla/5.0 (Windows NT 6.3; WOW64) AppleWebKit/537.36 (KHTML, like Gecko) Chrome/57.0.2987.133 Safari/537.36"
10.49.31.177 - - [06/Apr/2017:11:23:34 +0300] "GET /carbon/activitydashboard/js/jquery-ui.css HTTP/1.1" 200 8419 "https://10.49.40.202:9444/carbon/activitydashboard/index.jsp?region=region1&item=activity_dashboard" "Mozilla/5.0 (Windows NT 6.3; WOW64) AppleWebKit/537.36 (KHTML, like Gecko) Chrome/57.0.2987.133 Safari/537.36"
10.49.31.177 - - [06/Apr/2017:11:23:34 +0300] "GET /carbon/activitydashboard/js/jquery-ui-timepicker-addon.min.css HTTP/1.1" 200 1665 "https://10.49.40.202:9444/carbon/activitydashboard/index.jsp?region=region1&item=activity_dashboard" "Mozilla/5.0 (Windows NT 6.3; WOW64) AppleWebKit/537.36 (KHTML, like Gecko) Chrome/57.0.2987.133 Safari/537.36"
10.49.31.177 - - [06/Apr/2017:11:23:35 +0300] "GET /carbon/activitydashboard/js/jquery-ui-timepicker-addon.css HTTP/1.1" 200 1679 "https://10.49.40.202:9444/carbon/activitydashboard/index.jsp?region=region1&item=activity_dashboard" "Mozilla/5.0 (Windows NT 6.3; WOW64) AppleWebKit/537.36 (KHTML, like Gecko) Chrome/57.0.2987.133 Safari/537.36"
127.0.0.1 - - [06/Apr/2017:11:23:35 +0300] "GET /portal/libs/font-wso2_1.0.0/fonts/font-wso2.woff?da6b3eebe240a78c9faa99e03425e31c HTTP/1.1" 200 86100 "-" "Mozilla/5.0 (Windows NT 6.3; WOW64) AppleWebKit/537.36 (KHTML, like Gecko) Chrome/57.0.2987.133 Safari/537.36"
127.0.0.1 - - [06/Apr/2017:11:23:35 +0300] "GET /portal/libs/font-wso2_1.0.0/css/font-wso2.min.css HTTP/1.1" 200 2641 "-" "Apache Shindig"
10.49.31.177 - - [06/Apr/2017:11:23:35 +0300] "GET /shindig/gadgets/proxy?container=default&gadget=https%3A%2F%2Flocalhost%3A9444%2Fportal%2Flibs%2Ffont-wso2%5f1.0.0%2Fcss%2Ffont-wso2.min.css&debug=0&nocache=1&url=https%3A%2F%2Flocalhost%3A9444%2Fportal%2Flibs%2Ffont-wso2%5f1.0.0%2Ffonts%2Ffont-wso2.woff%3Fda6b3eebe240a78c9faa99e03425e31c HTTP/1.1" 304 - "https://10.49.40.202:9444/shindig/gadgets/concat?container=default&gadget=https%3A%2F%2Flocalhost%3A9444%2Fportal%2Fstore%2Fcarbon.super%2Ffs%2Fgadget%2FEIAnalytics-Gadget-Line_Chart%2Findex.xml&debug=1&nocache=1&type=css&1=https%3A%2F%2Flocalhost%3A9444%2Fportal%2Flibs%2Fbootstrap_3.3.5%2Fcss%2Fbootstrap.min.css&2=https%3A%2F%2Flocalhost%3A9444%2Fportal%2Flibs%2Ffont-wso2_1.0.0%2Fcss%2Ffont-wso2.min.css&3=https%3A%2F%2Flocalhost%3A9444%2Fportal%2Flibs%2Ftheme-wso2_1.0%2Fcss%2Ftheme-wso2.css&4=https%3A%2F%2Flocalhost%3A9444%2Fportal%2Fstore%2Fcarbon.super%2Ffs%2Fgadget%2FEIAnalytics-Gadget-commons%2Fcss%2Fgadget.css&5=https%3A%2F%2Flocalhost%3A9444%2Fportal%2Fstore%2Fcarbon.super%2Ffs%2Fgadget%2FEIAnalytics-Gadget-Line_Chart%2Fcss%2Fcustom.css" "Mozilla/5.0 (Windows NT 6.3; WOW64) AppleWebKit/537.36 (KHTML, like Gecko) Chrome/57.0.2987.133 Safari/537.36"
10.49.31.177 - - [06/Apr/2017:11:23:36 +0300] "GET /carbon/dialog/js/jqueryui/jquery-ui.min.js HTTP/1.1" 200 25705 "https://10.49.40.202:9444/carbon/activitydashboard/index.jsp?region=region1&item=activity_dashboard" "Mozilla/5.0 (Windows NT 6.3; WOW64) AppleWebKit/537.36 (KHTML, like Gecko) Chrome/57.0.2987.133 Safari/537.36"
10.49.31.177 - - [06/Apr/2017:11:23:36 +0300] "GET /carbon/admin/js/csrfPrevention.js HTTP/1.1" 200 4417 "https://10.49.40.202:9444/carbon/activitydashboard/index.jsp?region=region1&item=activity_dashboard" "Mozilla/5.0 (Windows NT 6.3; WOW64) AppleWebKit/537.36 (KHTML, like Gecko) Chrome/57.0.2987.133 Safari/537.36"
10.49.31.177 - - [06/Apr/2017:11:23:36 +0300] "GET /carbon/admin/js/jquery.validate.js HTTP/1.1" 200 10290 "https://10.49.40.202:9444/carbon/activitydashboard/index.jsp?region=region1&item=activity_dashboard" "Mozilla/5.0 (Windows NT 6.3; WOW64) AppleWebKit/537.36 (KHTML, like Gecko) Chrome/57.0.2987.133 Safari/537.36"
10.49.31.177 - - [06/Apr/2017:11:23:36 +0300] "GET /carbon/dialog/css/jqueryui/jqueryui-themeroller.css HTTP/1.1" 200 4020 "https://10.49.40.202:9444/carbon/activitydashboard/index.jsp?region=region1&item=activity_dashboard" "Mozilla/5.0 (Windows NT 6.3; WOW64) AppleWebKit/537.36 (KHTML, like Gecko) Chrome/57.0.2987.133 Safari/537.36"
10.49.31.177 - - [06/Apr/2017:11:23:37 +0300] "GET /carbon/admin/js/jquery.ui.tabs.min.js HTTP/1.1" 200 3594 "https://10.49.40.202:9444/carbon/activitydashboard/index.jsp?region=region1&item=activity_dashboard" "Mozilla/5.0 (Windows NT 6.3; WOW64) AppleWebKit/537.36 (KHTML, like Gecko) Chrome/57.0.2987.133 Safari/537.36"
10.49.31.177 - - [06/Apr/2017:11:23:38 +0300] "GET /carbon/admin/js/main.js HTTP/1.1" 200 15376 "https://10.49.40.202:9444/carbon/activitydashboard/index.jsp?region=region1&item=activity_dashboard" "Mozilla/5.0 (Windows NT 6.3; WOW64) AppleWebKit/537.36 (KHTML, like Gecko) Chrome/57.0.2987.133 Safari/537.36"
10.49.31.177 - - [06/Apr/2017:11:23:38 +0300] "POST /carbon/admin/js/csrfPrevention.js HTTP/1.1" 200 63 "https://10.49.40.202:9444/carbon/activitydashboard/index.jsp?region=region1&item=activity_dashboard" "Mozilla/5.0 (Windows NT 6.3; WOW64) AppleWebKit/537.36 (KHTML, like Gecko) Chrome/57.0.2987.133 Safari/537.36"
10.49.31.177 - - [06/Apr/2017:11:23:38 +0300] "GET /carbon/admin/js/jquery.ui.widget.min.js HTTP/1.1" 200 1344 "https://10.49.40.202:9444/carbon/activitydashboard/index.jsp?region=region1&item=activity_dashboard" "Mozilla/5.0 (Windows NT 6.3; WOW64) AppleWebKit/537.36 (KHTML, like Gecko) Chrome/57.0.2987.133 Safari/537.36"
10.49.31.177 - - [06/Apr/2017:11:23:38 +0300] "GET /carbon/admin/js/jquery.cookie.js HTTP/1.1" 200 1529 "https://10.49.40.202:9444/carbon/activitydashboard/index.jsp?region=region1&item=activity_dashboard" "Mozilla/5.0 (Windows NT 6.3; WOW64) AppleWebKit/537.36 (KHTML, like Gecko) Chrome/57.0.2987.133 Safari/537.36"
10.49.31.177 - - [06/Apr/2017:11:23:39 +0300] "GET /carbon/dialog/js/dialog.js HTTP/1.1" 200 2206 "https://10.49.40.202:9444/carbon/activitydashboard/index.jsp?region=region1&item=activity_dashboard" "Mozilla/5.0 (Windows NT 6.3; WOW64) AppleWebKit/537.36 (KHTML, like Gecko) Chrome/57.0.2987.133 Safari/537.36"
10.49.31.177 - - [06/Apr/2017:11:23:39 +0300] "GET /carbon/yui/build/animation/animation-min.js HTTP/1.1" 200 4768 "https://10.49.40.202:9444/carbon/activitydashboard/index.jsp?region=region1&item=activity_dashboard" "Mozilla/5.0 (Windows NT 6.3; WOW64) AppleWebKit/537.36 (KHTML, like Gecko) Chrome/57.0.2987.133 Safari/537.36"
10.49.31.177 - - [06/Apr/2017:11:23:39 +0300] "GET /carbon/admin/js/template.js HTTP/1.1" 200 3390 "https://10.49.40.202:9444/carbon/activitydashboard/index.jsp?region=region1&item=activity_dashboard" "Mozilla/5.0 (Windows NT 6.3; WOW64) AppleWebKit/537.36 (KHTML, like Gecko) Chrome/57.0.2987.133 Safari/537.36"
127.0.0.1 - - [06/Apr/2017:11:23:39 +0300] "GET /portal/libs/theme-wso2_1.0/fonts/Roboto/Roboto-Regular.woff2 HTTP/1.1" 200 10292 "-" "Mozilla/5.0 (Windows NT 6.3; WOW64) AppleWebKit/537.36 (KHTML, like Gecko) Chrome/57.0.2987.133 Safari/537.36"
10.49.31.177 - - [06/Apr/2017:11:23:39 +0300] "GET /carbon/admin/js/WSRequest.js HTTP/1.1" 200 12981 "https://10.49.40.202:9444/carbon/activitydashboard/index.jsp?region=region1&item=activity_dashboard" "Mozilla/5.0 (Windows NT 6.3; WOW64) AppleWebKit/537.36 (KHTML, like Gecko) Chrome/57.0.2987.133 Safari/537.36"
127.0.0.1 - - [06/Apr/2017:11:23:39 +0300] "GET /portal/libs/theme-wso2_1.0/css/theme-wso2.css HTTP/1.1" 200 10255 "-" "Apache Shindig"
10.49.31.177 - - [06/Apr/2017:11:23:39 +0300] "GET /shindig/gadgets/proxy?container=default&gadget=https%3A%2F%2Flocalhost%3A9444%2Fportal%2Flibs%2Ftheme-wso2%5f1.0%2Fcss%2Ftheme-wso2.css&debug=0&nocache=1&url=https%3A%2F%2Flocalhost%3A9444%2Fportal%2Flibs%2Ftheme-wso2%5f1.0%2Ffonts%2FRoboto%2FRoboto-Regular.woff2 HTTP/1.1" 200 10292 "https://10.49.40.202:9444/shindig/gadgets/concat?container=default&gadget=https%3A%2F%2Flocalhost%3A9444%2Fportal%2Fstore%2Fcarbon.super%2Ffs%2Fgadget%2FEIAnalytics-Gadget-Stats_Chart%2Findex.xml&debug=1&nocache=1&type=css&1=https%3A%2F%2Flocalhost%3A9444%2Fportal%2Flibs%2Fbootstrap_3.3.5%2Fcss%2Fbootstrap.min.css&2=https%3A%2F%2Flocalhost%3A9444%2Fportal%2Flibs%2Ffont-wso2_1.0.0%2Fcss%2Ffont-wso2.min.css&3=https%3A%2F%2Flocalhost%3A9444%2Fportal%2Flibs%2Ftheme-wso2_1.0%2Fcss%2Ftheme-wso2.css&4=https%3A%2F%2Flocalhost%3A9444%2Fportal%2Fstore%2Fcarbon.super%2Ffs%2Fgadget%2FEIAnalytics-Gadget-commons%2Fcss%2Fgadget.css&5=https%3A%2F%2Flocalhost%3A9444%2Fportal%2Fstore%2Fcarbon.super%2Ffs%2Fgadget%2FEIAnalytics-Gadget-Stats_Chart%2Fcss%2Fcustom.css" "Mozilla/5.0 (Windows NT 6.3; WOW64) AppleWebKit/537.36 (KHTML, like Gecko) Chrome/57.0.2987.133 Safari/537.36"
10.49.31.177 - - [06/Apr/2017:11:23:39 +0300] "GET /carbon/yui/build/yahoo-dom-event/yahoo-dom-event.js HTTP/1.1" 200 10684 "https://10.49.40.202:9444/carbon/activitydashboard/index.jsp?region=region1&item=activity_dashboard" "Mozilla/5.0 (Windows NT 6.3; WOW64) AppleWebKit/537.36 (KHTML, like Gecko) Chrome/57.0.2987.133 Safari/537.36"
10.49.31.177 - - [06/Apr/2017:11:23:40 +0300] "GET /carbon/yui/build/yahoo/yahoo-min.js HTTP/1.1" 200 2523 "https://10.49.40.202:9444/carbon/activitydashboard/index.jsp?region=region1&item=activity_dashboard" "Mozilla/5.0 (Windows NT 6.3; WOW64) AppleWebKit/537.36 (KHTML, like Gecko) Chrome/57.0.2987.133 Safari/537.36"
10.49.31.177 - - [06/Apr/2017:11:23:40 +0300] "GET /portal/dashboards/ei-analytics/proxy HTTP/1.1" 200 10947 "https://10.49.40.202:9444/shindig/gadgets/ifr?url=https%3A%2F%2Flocalhost%3A9444%2Fportal%2Fstore%2Fcarbon.super%2Ffs%2Fgadget%2FEIAnalytics-Gadget-Breadcrumb%2Findex.xml&container=default&view=default&lang=en&country=US&debug=1&nocache=1&sanitize=%25sanitize%25&v=198dba232bb528798570815210fd71e7&testmode=0&parent=https%3A%2F%2F10.49.40.202%3A9444&mid=0" "Mozilla/5.0 (Windows NT 6.3; WOW64) AppleWebKit/537.36 (KHTML, like Gecko) Chrome/57.0.2987.133 Safari/537.36"
10.49.31.177 - - [06/Apr/2017:11:23:41 +0300] "GET /carbon/admin/js/jquery.form.js HTTP/1.1" 200 6750 "https://10.49.40.202:9444/carbon/activitydashboard/index.jsp?region=region1&item=activity_dashboard" "Mozilla/5.0 (Windows NT 6.3; WOW64) AppleWebKit/537.36 (KHTML, like Gecko) Chrome/57.0.2987.133 Safari/537.36"
10.49.31.177 - - [06/Apr/2017:11:23:41 +0300] "GET /carbon/yui/build/selector/selector-min.js HTTP/1.1" 200 2895 "https://10.49.40.202:9444/carbon/activitydashboard/index.jsp?region=region1&item=activity_dashboard" "Mozilla/5.0 (Windows NT 6.3; WOW64) AppleWebKit/537.36 (KHTML, like Gecko) Chrome/57.0.2987.133 Safari/537.36"
10.49.31.177 - - [06/Apr/2017:11:23:41 +0300] "GET /carbon/admin/js/jquery-1.6.3.min.js HTTP/1.1" 200 32564 "https://10.49.40.202:9444/carbon/activitydashboard/index.jsp?region=region1&item=activity_dashboard" "Mozilla/5.0 (Windows NT 6.3; WOW64) AppleWebKit/537.36 (KHTML, like Gecko) Chrome/57.0.2987.133 Safari/537.36"
10.49.31.177 - - [06/Apr/2017:11:23:42 +0300] "GET /carbon/admin/js/jquery.ui.core.min.js HTTP/1.1" 200 1996 "https://10.49.40.202:9444/carbon/activitydashboard/index.jsp?region=region1&item=activity_dashboard" "Mozilla/5.0 (Windows NT 6.3; WOW64) AppleWebKit/537.36 (KHTML, like Gecko) Chrome/57.0.2987.133 Safari/537.36"
10.49.31.177 - - [06/Apr/2017:11:23:42 +0300] "GET /carbon/admin/js/customControls.js HTTP/1.1" 200 1193 "https://10.49.40.202:9444/carbon/activitydashboard/index.jsp?region=region1&item=activity_dashboard" "Mozilla/5.0 (Windows NT 6.3; WOW64) AppleWebKit/537.36 (KHTML, like Gecko) Chrome/57.0.2987.133 Safari/537.36"
10.49.31.177 - - [06/Apr/2017:11:23:42 +0300] "GET /carbon/admin/js/cookies.js HTTP/1.1" 200 1136 "https://10.49.40.202:9444/carbon/activitydashboard/index.jsp?region=region1&item=activity_dashboard" "Mozilla/5.0 (Windows NT 6.3; WOW64) AppleWebKit/537.36 (KHTML, like Gecko) Chrome/57.0.2987.133 Safari/537.36"
10.49.31.177 - - [06/Apr/2017:11:23:42 +0300] "GET /carbon/activitydashboard/js/d3.v3.min.js HTTP/1.1" 200 52567 "https://10.49.40.202:9444/carbon/activitydashboard/index.jsp?region=region1&item=activity_dashboard" "Mozilla/5.0 (Windows NT 6.3; WOW64) AppleWebKit/537.36 (KHTML, like Gecko) Chrome/57.0.2987.133 Safari/537.36"
10.49.31.177 - - [06/Apr/2017:11:23:42 +0300] "GET /carbon/activitydashboard/js/dagre-d3.min.js HTTP/1.1" 200 16453 "https://10.49.40.202:9444/carbon/activitydashboard/index.jsp?region=region1&item=activity_dashboard" "Mozilla/5.0 (Windows NT 6.3; WOW64) AppleWebKit/537.36 (KHTML, like Gecko) Chrome/57.0.2987.133 Safari/537.36"
10.49.31.177 - - [06/Apr/2017:11:23:43 +0300] "GET /carbon/activitydashboard/js/graphlib-dot.min.js HTTP/1.1" 200 10762 "https://10.49.40.202:9444/carbon/activitydashboard/index.jsp?region=region1&item=activity_dashboard" "Mozilla/5.0 (Windows NT 6.3; WOW64) AppleWebKit/537.36 (KHTML, like Gecko) Chrome/57.0.2987.133 Safari/537.36"
10.49.31.177 - - [06/Apr/2017:11:23:43 +0300] "GET /carbon/activitydashboard/js/jquery-1.11.2.min.js HTTP/1.1" 200 33792 "https://10.49.40.202:9444/carbon/activitydashboard/index.jsp?region=region1&item=activity_dashboard" "Mozilla/5.0 (Windows NT 6.3; WOW64) AppleWebKit/537.36 (KHTML, like Gecko) Chrome/57.0.2987.133 Safari/537.36"
10.49.31.177 - - [06/Apr/2017:11:23:43 +0300] "GET /carbon/activitydashboard/js/jquery-ui.min.js HTTP/1.1" 200 65466 "https://10.49.40.202:9444/carbon/activitydashboard/index.jsp?region=region1&item=activity_dashboard" "Mozilla/5.0 (Windows NT 6.3; WOW64) AppleWebKit/537.36 (KHTML, like Gecko) Chrome/57.0.2987.133 Safari/537.36"
10.49.31.177 - - [06/Apr/2017:11:23:43 +0300] "GET /carbon/activitydashboard/js/jquery-ui-timepicker-addon.min.js HTTP/1.1" 200 10736 "https://10.49.40.202:9444/carbon/activitydashboard/index.jsp?region=region1&item=activity_dashboard" "Mozilla/5.0 (Windows NT 6.3; WOW64) AppleWebKit/537.36 (KHTML, like Gecko) Chrome/57.0.2987.133 Safari/537.36"
10.49.31.177 - - [06/Apr/2017:11:23:43 +0300] "GET /carbon/activitydashboard/js/jquery-ui-timepicker-addon.js HTTP/1.1" 200 18704 "https://10.49.40.202:9444/carbon/activitydashboard/index.jsp?region=region1&item=activity_dashboard" "Mozilla/5.0 (Windows NT 6.3; WOW64) AppleWebKit/537.36 (KHTML, like Gecko) Chrome/57.0.2987.133 Safari/537.36"
10.49.31.177 - - [06/Apr/2017:11:23:43 +0300] "GET /carbon/admin/images/down-arrow.gif HTTP/1.1" 200 610 "https://10.49.40.202:9444/carbon/activitydashboard/index.jsp?region=region1&item=activity_dashboard" "Mozilla/5.0 (Windows NT 6.3; WOW64) AppleWebKit/537.36 (KHTML, like Gecko) Chrome/57.0.2987.133 Safari/537.36"
10.49.31.177 - - [06/Apr/2017:11:23:43 +0300] "GET /carbon/activitydashboard/js/jquery-ui.js HTTP/1.1" 200 116333 "https://10.49.40.202:9444/carbon/activitydashboard/index.jsp?region=region1&item=activity_dashboard" "Mozilla/5.0 (Windows NT 6.3; WOW64) AppleWebKit/537.36 (KHTML, like Gecko) Chrome/57.0.2987.133 Safari/537.36"
10.49.31.177 - - [06/Apr/2017:11:23:43 +0300] "GET /carbon/admin/images/leftRightSlider-dark.png HTTP/1.1" 200 1421 "https://10.49.40.202:9444/carbon/admin/css/global.css" "Mozilla/5.0 (Windows NT 6.3; WOW64) AppleWebKit/537.36 (KHTML, like Gecko) Chrome/57.0.2987.133 Safari/537.36"
10.49.31.177 - - [06/Apr/2017:11:23:43 +0300] "GET /carbon/styles/images/eianalytics-server-menu-header.gif HTTP/1.1" 200 176 "https://10.49.40.202:9444/carbon/styles/css/main.css" "Mozilla/5.0 (Windows NT 6.3; WOW64) AppleWebKit/537.36 (KHTML, like Gecko) Chrome/57.0.2987.133 Safari/537.36"
10.49.31.177 - - [06/Apr/2017:11:23:43 +0300] "GET /carbon/template-manager/images/icon.png HTTP/1.1" 200 778 "https://10.49.40.202:9444/carbon/activitydashboard/index.jsp?region=region1&item=activity_dashboard" "Mozilla/5.0 (Windows NT 6.3; WOW64) AppleWebKit/537.36 (KHTML, like Gecko) Chrome/57.0.2987.133 Safari/537.36"
10.49.31.177 - - [06/Apr/2017:11:23:43 +0300] "GET /carbon/dashboard/images/dashboard.png HTTP/1.1" 200 812 "https://10.49.40.202:9444/carbon/activitydashboard/index.jsp?region=region1&item=activity_dashboard" "Mozilla/5.0 (Windows NT 6.3; WOW64) AppleWebKit/537.36 (KHTML, like Gecko) Chrome/57.0.2987.133 Safari/537.36"
10.49.31.177 - - [06/Apr/2017:11:23:44 +0300] "GET /carbon/spark-management/images/script.png HTTP/1.1" 200 820 "https://10.49.40.202:9444/carbon/activitydashboard/index.jsp?region=region1&item=activity_dashboard" "Mozilla/5.0 (Windows NT 6.3; WOW64) AppleWebKit/537.36 (KHTML, like Gecko) Chrome/57.0.2987.133 Safari/537.36"
10.49.31.177 - - [06/Apr/2017:11:23:44 +0300] "GET /carbon/eventreceiver/images/event-receiver.png HTTP/1.1" 200 799 "https://10.49.40.202:9444/carbon/activitydashboard/index.jsp?region=region1&item=activity_dashboard" "Mozilla/5.0 (Windows NT 6.3; WOW64) AppleWebKit/537.36 (KHTML, like Gecko) Chrome/57.0.2987.133 Safari/537.36"
10.49.31.177 - - [06/Apr/2017:11:23:44 +0300] "GET /carbon/carbonapps/images/list.gif HTTP/1.1" 200 216 "https://10.49.40.202:9444/carbon/activitydashboard/index.jsp?region=region1&item=activity_dashboard" "Mozilla/5.0 (Windows NT 6.3; WOW64) AppleWebKit/537.36 (KHTML, like Gecko) Chrome/57.0.2987.133 Safari/537.36"
10.49.31.177 - - [06/Apr/2017:11:23:44 +0300] "GET /carbon/eventpublisher/images/events.png HTTP/1.1" 200 625 "https://10.49.40.202:9444/carbon/activitydashboard/index.jsp?region=region1&item=activity_dashboard" "Mozilla/5.0 (Windows NT 6.3; WOW64) AppleWebKit/537.36 (KHTML, like Gecko) Chrome/57.0.2987.133 Safari/537.36"
10.49.31.177 - - [06/Apr/2017:11:23:44 +0300] "GET /carbon/dataexplorer/images/console.png HTTP/1.1" 200 567 "https://10.49.40.202:9444/carbon/activitydashboard/index.jsp?region=region1&item=activity_dashboard" "Mozilla/5.0 (Windows NT 6.3; WOW64) AppleWebKit/537.36 (KHTML, like Gecko) Chrome/57.0.2987.133 Safari/537.36"
10.49.31.177 - - [06/Apr/2017:11:23:44 +0300] "GET /carbon/spark-management/images/terminal.png HTTP/1.1" 200 323 "https://10.49.40.202:9444/carbon/activitydashboard/index.jsp?region=region1&item=activity_dashboard" "Mozilla/5.0 (Windows NT 6.3; WOW64) AppleWebKit/537.36 (KHTML, like Gecko) Chrome/57.0.2987.133 Safari/537.36"
10.49.31.177 - - [06/Apr/2017:11:23:44 +0300] "GET /carbon/activitydashboard/images/activity-monitor-icon.png HTTP/1.1" 200 756 "https://10.49.40.202:9444/carbon/activitydashboard/index.jsp?region=region1&item=activity_dashboard" "Mozilla/5.0 (Windows NT 6.3; WOW64) AppleWebKit/537.36 (KHTML, like Gecko) Chrome/57.0.2987.133 Safari/537.36"
10.49.31.177 - - [06/Apr/2017:11:23:44 +0300] "GET /carbon/carbonapps/images/applications.gif HTTP/1.1" 200 1043 "https://10.49.40.202:9444/carbon/activitydashboard/index.jsp?region=region1&item=activity_dashboard" "Mozilla/5.0 (Windows NT 6.3; WOW64) AppleWebKit/537.36 (KHTML, like Gecko) Chrome/57.0.2987.133 Safari/537.36"
10.49.31.177 - - [06/Apr/2017:11:23:44 +0300] "GET /carbon/eventprocessor/images/streamingAnalytics.png HTTP/1.1" 200 792 "https://10.49.40.202:9444/carbon/activitydashboard/index.jsp?region=region1&item=activity_dashboard" "Mozilla/5.0 (Windows NT 6.3; WOW64) AppleWebKit/537.36 (KHTML, like Gecko) Chrome/57.0.2987.133 Safari/537.36"
10.49.31.177 - - [06/Apr/2017:11:23:44 +0300] "GET /carbon/activitydashboard/images/interactive_analysis.png HTTP/1.1" 200 516 "https://10.49.40.202:9444/carbon/activitydashboard/index.jsp?region=region1&item=activity_dashboard" "Mozilla/5.0 (Windows NT 6.3; WOW64) AppleWebKit/537.36 (KHTML, like Gecko) Chrome/57.0.2987.133 Safari/537.36"
10.49.31.177 - - [06/Apr/2017:11:23:44 +0300] "GET /carbon/eventpublisher/images/event-publisher.png HTTP/1.1" 200 863 "https://10.49.40.202:9444/carbon/activitydashboard/index.jsp?region=region1&item=activity_dashboard" "Mozilla/5.0 (Windows NT 6.3; WOW64) AppleWebKit/537.36 (KHTML, like Gecko) Chrome/57.0.2987.133 Safari/537.36"
10.49.31.177 - - [06/Apr/2017:11:23:44 +0300] "GET /carbon/eventprocessor/images/executionPlan.png HTTP/1.1" 200 829 "https://10.49.40.202:9444/carbon/activitydashboard/index.jsp?region=region1&item=activity_dashboard" "Mozilla/5.0 (Windows NT 6.3; WOW64) AppleWebKit/537.36 (KHTML, like Gecko) Chrome/57.0.2987.133 Safari/537.36"
10.49.31.177 - - [06/Apr/2017:11:23:44 +0300] "GET /carbon/event-flow/images/event-flow.png HTTP/1.1" 200 865 "https://10.49.40.202:9444/carbon/activitydashboard/index.jsp?region=region1&item=activity_dashboard" "Mozilla/5.0 (Windows NT 6.3; WOW64) AppleWebKit/537.36 (KHTML, like Gecko) Chrome/57.0.2987.133 Safari/537.36"
10.49.31.177 - - [06/Apr/2017:11:23:44 +0300] "GET /portal/libs/bootstrap_3.3.5/css/bootstrap.min.css HTTP/1.1" 200 20162 "https://10.49.40.202:9444/portal/dashboards/ei-analytics/proxy" "Mozilla/5.0 (Windows NT 6.3; WOW64) AppleWebKit/537.36 (KHTML, like Gecko) Chrome/57.0.2987.133 Safari/537.36"
10.49.31.177 - - [06/Apr/2017:11:23:44 +0300] "GET /portal/libs/font-wso2_1.0.0/css/font-wso2.min.css HTTP/1.1" 200 2641 "https://10.49.40.202:9444/portal/dashboards/ei-analytics/proxy" "Mozilla/5.0 (Windows NT 6.3; WOW64) AppleWebKit/537.36 (KHTML, like Gecko) Chrome/57.0.2987.133 Safari/537.36"
10.49.31.177 - - [06/Apr/2017:11:23:44 +0300] "GET /portal/libs/nanoscroller_0.8.7/nanoscroller.css HTTP/1.1" 200 1366 "https://10.49.40.202:9444/portal/dashboards/ei-analytics/proxy" "Mozilla/5.0 (Windows NT 6.3; WOW64) AppleWebKit/537.36 (KHTML, like Gecko) Chrome/57.0.2987.133 Safari/537.36"
10.49.31.177 - - [06/Apr/2017:11:23:44 +0300] "GET /portal/libs/theme-wso2_1.0/css/theme-wso2.css HTTP/1.1" 200 10255 "https://10.49.40.202:9444/portal/dashboards/ei-analytics/proxy" "Mozilla/5.0 (Windows NT 6.3; WOW64) AppleWebKit/537.36 (KHTML, like Gecko) Chrome/57.0.2987.133 Safari/537.36"
10.49.31.177 - - [06/Apr/2017:11:23:44 +0300] "GET /portal/css/custom.css HTTP/1.1" 200 2944 "https://10.49.40.202:9444/portal/dashboards/ei-analytics/proxy" "Mozilla/5.0 (Windows NT 6.3; WOW64) AppleWebKit/537.36 (KHTML, like Gecko) Chrome/57.0.2987.133 Safari/537.36"
10.49.31.177 - - [06/Apr/2017:11:23:44 +0300] "GET /portal/libs/jquery-ui-1.11.4/jquery-ui.min.css HTTP/1.1" 200 7362 "https://10.49.40.202:9444/portal/dashboards/ei-analytics/proxy" "Mozilla/5.0 (Windows NT 6.3; WOW64) AppleWebKit/537.36 (KHTML, like Gecko) Chrome/57.0.2987.133 Safari/537.36"
10.49.31.177 - - [06/Apr/2017:11:23:44 +0300] "GET /portal/libs/gridstack.js-0.2.5/gridstack.min.css HTTP/1.1" 200 2256 "https://10.49.40.202:9444/portal/dashboards/ei-analytics/proxy" "Mozilla/5.0 (Windows NT 6.3; WOW64) AppleWebKit/537.36 (KHTML, like Gecko) Chrome/57.0.2987.133 Safari/537.36"
10.49.31.177 - - [06/Apr/2017:11:23:44 +0300] "GET /portal/css/dashboard.css HTTP/1.1" 200 3145 "https://10.49.40.202:9444/portal/dashboards/ei-analytics/proxy" "Mozilla/5.0 (Windows NT 6.3; WOW64) AppleWebKit/537.36 (KHTML, like Gecko) Chrome/57.0.2987.133 Safari/537.36"
10.49.31.177 - - [06/Apr/2017:11:23:44 +0300] "GET /carbon/search/images/search-top.png HTTP/1.1" 200 785 "https://10.49.40.202:9444/carbon/activitydashboard/index.jsp?region=region1&item=activity_dashboard" "Mozilla/5.0 (Windows NT 6.3; WOW64) AppleWebKit/537.36 (KHTML, like Gecko) Chrome/57.0.2987.133 Safari/537.36"
10.49.31.177 - - [06/Apr/2017:11:23:44 +0300] "GET /carbon/server-admin/images/restart.gif HTTP/1.1" 200 631 "https://10.49.40.202:9444/carbon/activitydashboard/index.jsp?region=region1&item=activity_dashboard" "Mozilla/5.0 (Windows NT 6.3; WOW64) AppleWebKit/537.36 (KHTML, like Gecko) Chrome/57.0.2987.133 Safari/537.36"
10.49.31.177 - - [06/Apr/2017:11:23:44 +0300] "GET /carbon/resources/images/resources.gif HTTP/1.1" 200 1028 "https://10.49.40.202:9444/carbon/activitydashboard/index.jsp?region=region1&item=activity_dashboard" "Mozilla/5.0 (Windows NT 6.3; WOW64) AppleWebKit/537.36 (KHTML, like Gecko) Chrome/57.0.2987.133 Safari/537.36"
10.49.31.177 - - [06/Apr/2017:11:23:45 +0300] "GET /carbon/carbonapps/images/add.gif HTTP/1.1" 200 407 "https://10.49.40.202:9444/carbon/activitydashboard/index.jsp?region=region1&item=activity_dashboard" "Mozilla/5.0 (Windows NT 6.3; WOW64) AppleWebKit/537.36 (KHTML, like Gecko) Chrome/57.0.2987.133 Safari/537.36"
10.49.31.177 - - [06/Apr/2017:11:23:45 +0300] "GET /carbon/eventstream/images/event-stream.png HTTP/1.1" 200 688 "https://10.49.40.202:9444/carbon/activitydashboard/index.jsp?region=region1&item=activity_dashboard" "Mozilla/5.0 (Windows NT 6.3; WOW64) AppleWebKit/537.36 (KHTML, like Gecko) Chrome/57.0.2987.133 Safari/537.36"
10.49.31.177 - - [06/Apr/2017:11:23:45 +0300] "GET /portal/csrf.js HTTP/1.1" 200 4406 "https://10.49.40.202:9444/portal/dashboards/ei-analytics/proxy" "Mozilla/5.0 (Windows NT 6.3; WOW64) AppleWebKit/537.36 (KHTML, like Gecko) Chrome/57.0.2987.133 Safari/537.36"
10.49.31.177 - - [06/Apr/2017:11:23:45 +0300] "GET /portal/libs/jquery_1.11.0/jquery-1.11.3.min.js HTTP/1.1" 200 33789 "https://10.49.40.202:9444/portal/dashboards/ei-analytics/proxy" "Mozilla/5.0 (Windows NT 6.3; WOW64) AppleWebKit/537.36 (KHTML, like Gecko) Chrome/57.0.2987.133 Safari/537.36"
10.49.31.177 - - [06/Apr/2017:11:23:45 +0300] "GET /portal/libs/bootstrap_3.3.5/js/bootstrap.min.js HTTP/1.1" 200 9891 "https://10.49.40.202:9444/portal/dashboards/ei-analytics/proxy" "Mozilla/5.0 (Windows NT 6.3; WOW64) AppleWebKit/537.36 (KHTML, like Gecko) Chrome/57.0.2987.133 Safari/537.36"
10.49.31.177 - - [06/Apr/2017:11:23:45 +0300] "GET /portal/libs/jquery-ui-1.11.4/jquery-ui.min.js HTTP/1.1" 200 64760 "https://10.49.40.202:9444/portal/dashboards/ei-analytics/proxy" "Mozilla/5.0 (Windows NT 6.3; WOW64) AppleWebKit/537.36 (KHTML, like Gecko) Chrome/57.0.2987.133 Safari/537.36"
10.49.31.177 - - [06/Apr/2017:11:23:45 +0300] "GET /portal/libs/nanoscroller_0.8.7/jquery.nanoscroller.min.js HTTP/1.1" 200 3464 "https://10.49.40.202:9444/portal/dashboards/ei-analytics/proxy" "Mozilla/5.0 (Windows NT 6.3; WOW64) AppleWebKit/537.36 (KHTML, like Gecko) Chrome/57.0.2987.133 Safari/537.36"
10.49.31.177 - - [06/Apr/2017:11:23:45 +0300] "GET /portal/libs/theme-wso2_1.0/js/theme-wso2.js HTTP/1.1" 200 6699 "https://10.49.40.202:9444/portal/dashboards/ei-analytics/proxy" "Mozilla/5.0 (Windows NT 6.3; WOW64) AppleWebKit/537.36 (KHTML, like Gecko) Chrome/57.0.2987.133 Safari/537.36"
10.49.31.177 - - [06/Apr/2017:11:23:45 +0300] "GET /portal/libs/underscore-1.8.3/underscore-min.js HTTP/1.1" 200 5938 "https://10.49.40.202:9444/portal/dashboards/ei-analytics/proxy" "Mozilla/5.0 (Windows NT 6.3; WOW64) AppleWebKit/537.36 (KHTML, like Gecko) Chrome/57.0.2987.133 Safari/537.36"
10.49.31.177 - - [06/Apr/2017:11:23:45 +0300] "GET /portal/libs/gridstack.js-0.2.5/gridstack.min.js HTTP/1.1" 200 8400 "https://10.49.40.202:9444/portal/dashboards/ei-analytics/proxy" "Mozilla/5.0 (Windows NT 6.3; WOW64) AppleWebKit/537.36 (KHTML, like Gecko) Chrome/57.0.2987.133 Safari/537.36"
10.49.31.177 - - [06/Apr/2017:11:23:45 +0300] "GET /portal/libs/handlebars-v4.0.2/handlebars.min.js HTTP/1.1" 200 22092 "https://10.49.40.202:9444/portal/dashboards/ei-analytics/proxy" "Mozilla/5.0 (Windows NT 6.3; WOW64) AppleWebKit/537.36 (KHTML, like Gecko) Chrome/57.0.2987.133 Safari/537.36"
10.49.31.177 - - [06/Apr/2017:11:23:45 +0300] "GET /portal/js/ues-gadgets.js HTTP/1.1" 200 1311 "https://10.49.40.202:9444/portal/dashboards/ei-analytics/proxy" "Mozilla/5.0 (Windows NT 6.3; WOW64) AppleWebKit/537.36 (KHTML, like Gecko) Chrome/57.0.2987.133 Safari/537.36"
10.49.31.177 - - [06/Apr/2017:11:23:45 +0300] "GET /shindig/gadgets/js/container:open-views:opensearch:rpc:xmlutil:pubsub-2.js?c=1&debug=1&container=default HTTP/1.1" 200 114478 "https://10.49.40.202:9444/portal/dashboards/ei-analytics/proxy" "Mozilla/5.0 (Windows NT 6.3; WOW64) AppleWebKit/537.36 (KHTML, like Gecko) Chrome/57.0.2987.133 Safari/537.36"
10.49.31.177 - - [06/Apr/2017:11:23:45 +0300] "GET /portal/js/ues-store.js HTTP/1.1" 200 977 "https://10.49.40.202:9444/portal/dashboards/ei-analytics/proxy" "Mozilla/5.0 (Windows NT 6.3; WOW64) AppleWebKit/537.36 (KHTML, like Gecko) Chrome/57.0.2987.133 Safari/537.36"
10.49.31.177 - - [06/Apr/2017:11:23:46 +0300] "GET /portal/js/ues-dashboards.js HTTP/1.1" 200 4178 "https://10.49.40.202:9444/portal/dashboards/ei-analytics/proxy" "Mozilla/5.0 (Windows NT 6.3; WOW64) AppleWebKit/537.36 (KHTML, like Gecko) Chrome/57.0.2987.133 Safari/537.36"
10.49.31.177 - - [06/Apr/2017:11:23:46 +0300] "POST /portal/csrf.js HTTP/1.1" 200 63 "https://10.49.40.202:9444/portal/dashboards/ei-analytics/proxy" "Mozilla/5.0 (Windows NT 6.3; WOW64) AppleWebKit/537.36 (KHTML, like Gecko) Chrome/57.0.2987.133 Safari/537.36"
10.49.31.177 - - [06/Apr/2017:11:23:46 +0300] "GET /portal/extensions/components/gadget/index.js HTTP/1.1" 200 2222 "https://10.49.40.202:9444/portal/dashboards/ei-analytics/proxy" "Mozilla/5.0 (Windows NT 6.3; WOW64) AppleWebKit/537.36 (KHTML, like Gecko) Chrome/57.0.2987.133 Safari/537.36"
10.49.31.177 - - [06/Apr/2017:11:23:46 +0300] "GET /portal/js/gadget-properties.js HTTP/1.1" 200 1498 "https://10.49.40.202:9444/portal/dashboards/ei-analytics/proxy" "Mozilla/5.0 (Windows NT 6.3; WOW64) AppleWebKit/537.36 (KHTML, like Gecko) Chrome/57.0.2987.133 Safari/537.36"
10.49.31.177 - - [06/Apr/2017:11:23:46 +0300] "GET /portal/js/ds-handlebar-helpers.js HTTP/1.1" 200 1797 "https://10.49.40.202:9444/portal/dashboards/ei-analytics/proxy" "Mozilla/5.0 (Windows NT 6.3; WOW64) AppleWebKit/537.36 (KHTML, like Gecko) Chrome/57.0.2987.133 Safari/537.36"
10.49.31.177 - - [06/Apr/2017:11:23:46 +0300] "GET /portal/js/dashboard.js HTTP/1.1" 200 2925 "https://10.49.40.202:9444/portal/dashboards/ei-analytics/proxy" "Mozilla/5.0 (Windows NT 6.3; WOW64) AppleWebKit/537.36 (KHTML, like Gecko) Chrome/57.0.2987.133 Safari/537.36"
10.49.31.177 - - [06/Apr/2017:11:23:46 +0300] "GET /portal/js/ds-ajax-api.js HTTP/1.1" 200 2796 "https://10.49.40.202:9444/portal/dashboards/ei-analytics/proxy" "Mozilla/5.0 (Windows NT 6.3; WOW64) AppleWebKit/537.36 (KHTML, like Gecko) Chrome/57.0.2987.133 Safari/537.36"
10.49.31.177 - - [06/Apr/2017:11:23:46 +0300] "GET /carbon/admin/images/buttonRow-bg.gif HTTP/1.1" 200 130 "https://10.49.40.202:9444/carbon/admin/css/global.css" "Mozilla/5.0 (Windows NT 6.3; WOW64) AppleWebKit/537.36 (KHTML, like Gecko) Chrome/57.0.2987.133 Safari/537.36"
10.49.31.177 - - [06/Apr/2017:11:23:46 +0300] "GET /carbon/admin/images/help-small-icon.png HTTP/1.1" 200 631 "https://10.49.40.202:9444/carbon/admin/css/carbonFormStyles.css" "Mozilla/5.0 (Windows NT 6.3; WOW64) AppleWebKit/537.36 (KHTML, like Gecko) Chrome/57.0.2987.133 Safari/537.36"
10.49.31.177 - - [06/Apr/2017:11:23:46 +0300] "GET /carbon/spark-management/images/batchAnalytics.png HTTP/1.1" 200 849 "https://10.49.40.202:9444/carbon/activitydashboard/index.jsp?region=region1&item=activity_dashboard" "Mozilla/5.0 (Windows NT 6.3; WOW64) AppleWebKit/537.36 (KHTML, like Gecko) Chrome/57.0.2987.133 Safari/537.36"
10.49.31.177 - - [06/Apr/2017:11:23:46 +0300] "GET /carbon/dialog/css/jqueryui/images/ffffff_40x100_textures_01_flat_0.png HTTP/1.1" 200 178 "https://10.49.40.202:9444/carbon/dialog/css/jqueryui/jqueryui-themeroller.css" "Mozilla/5.0 (Windows NT 6.3; WOW64) AppleWebKit/537.36 (KHTML, like Gecko) Chrome/57.0.2987.133 Safari/537.36"
10.49.31.177 - - [06/Apr/2017:11:23:47 +0300] "POST /carbon/activitydashboard/searchTree_ajaxprocessor.jsp HTTP/1.1" 200 215 "https://10.49.40.202:9444/carbon/activitydashboard/index.jsp?region=region1&item=activity_dashboard" "Mozilla/5.0 (Windows NT 6.3; WOW64) AppleWebKit/537.36 (KHTML, like Gecko) Chrome/57.0.2987.133 Safari/537.36"
10.49.31.177 - - [06/Apr/2017:11:23:47 +0300] "GET /portal/apis/assets/publicAssets/EIAnalytics-Gadget-Message_Flow?domain=carbon.super&type=gadget HTTP/1.1" 200 632 "https://10.49.40.202:9444/portal/dashboards/ei-analytics/proxy" "Mozilla/5.0 (Windows NT 6.3; WOW64) AppleWebKit/537.36 (KHTML, like Gecko) Chrome/57.0.2987.133 Safari/537.36"
10.49.31.177 - - [06/Apr/2017:11:23:48 +0300] "POST /shindig/rpc?st=-1%3A-1%3A*%3A*%3A*%3A0%3Adefault HTTP/1.1" 200 1593 "https://10.49.40.202:9444/portal/dashboards/ei-analytics/proxy" "Mozilla/5.0 (Windows NT 6.3; WOW64) AppleWebKit/537.36 (KHTML, like Gecko) Chrome/57.0.2987.133 Safari/537.36"
10.49.31.177 - - [06/Apr/2017:11:23:48 +0300] "GET /portal/apis/assets/publicAssets/EIAnalytics-Gadget-Message_Table?domain=carbon.super&type=gadget HTTP/1.1" 200 424 "https://10.49.40.202:9444/portal/dashboards/ei-analytics/proxy" "Mozilla/5.0 (Windows NT 6.3; WOW64) AppleWebKit/537.36 (KHTML, like Gecko) Chrome/57.0.2987.133 Safari/537.36"
10.49.31.177 - - [06/Apr/2017:11:23:48 +0300] "POST /shindig/rpc?st=-1%3A-1%3A*%3A*%3A*%3A0%3Adefault HTTP/1.1" 200 1190 "https://10.49.40.202:9444/portal/dashboards/ei-analytics/proxy" "Mozilla/5.0 (Windows NT 6.3; WOW64) AppleWebKit/537.36 (KHTML, like Gecko) Chrome/57.0.2987.133 Safari/537.36"
10.49.31.177 - - [06/Apr/2017:11:23:48 +0300] "GET /portal/apis/assets/publicAssets/EIAnalytics-Gadget-Line_Chart?domain=carbon.super&type=gadget HTTP/1.1" 200 540 "https://10.49.40.202:9444/portal/dashboards/ei-analytics/proxy" "Mozilla/5.0 (Windows NT 6.3; WOW64) AppleWebKit/537.36 (KHTML, like Gecko) Chrome/57.0.2987.133 Safari/537.36"
10.49.31.177 - - [06/Apr/2017:11:23:49 +0300] "POST /shindig/rpc?st=-1%3A-1%3A*%3A*%3A*%3A0%3Adefault HTTP/1.1" 200 1400 "https://10.49.40.202:9444/portal/dashboards/ei-analytics/proxy" "Mozilla/5.0 (Windows NT 6.3; WOW64) AppleWebKit/537.36 (KHTML, like Gecko) Chrome/57.0.2987.133 Safari/537.36"
10.49.31.177 - - [06/Apr/2017:11:23:49 +0300] "GET /portal/apis/assets/publicAssets/EIAnalytics-Gadget-Line_Chart?domain=carbon.super&type=gadget HTTP/1.1" 200 540 "https://10.49.40.202:9444/portal/dashboards/ei-analytics/proxy" "Mozilla/5.0 (Windows NT 6.3; WOW64) AppleWebKit/537.36 (KHTML, like Gecko) Chrome/57.0.2987.133 Safari/537.36"
10.49.31.177 - - [06/Apr/2017:11:23:49 +0300] "POST /shindig/rpc?st=-1%3A-1%3A*%3A*%3A*%3A0%3Adefault HTTP/1.1" 200 1400 "https://10.49.40.202:9444/portal/dashboards/ei-analytics/proxy" "Mozilla/5.0 (Windows NT 6.3; WOW64) AppleWebKit/537.36 (KHTML, like Gecko) Chrome/57.0.2987.133 Safari/537.36"
10.49.31.177 - - [06/Apr/2017:11:23:49 +0300] "GET /portal/apis/assets/publicAssets/EIAnalytics-Gadget-Date_Range_Picker?domain=carbon.super&type=gadget HTTP/1.1" 200 638 "https://10.49.40.202:9444/portal/dashboards/ei-analytics/proxy" "Mozilla/5.0 (Windows NT 6.3; WOW64) AppleWebKit/537.36 (KHTML, like Gecko) Chrome/57.0.2987.133 Safari/537.36"
10.49.31.177 - - [06/Apr/2017:11:23:50 +0300] "POST /shindig/rpc?st=-1%3A-1%3A*%3A*%3A*%3A0%3Adefault HTTP/1.1" 200 1218 "https://10.49.40.202:9444/portal/dashboards/ei-analytics/proxy" "Mozilla/5.0 (Windows NT 6.3; WOW64) AppleWebKit/537.36 (KHTML, like Gecko) Chrome/57.0.2987.133 Safari/537.36"
10.49.31.177 - - [06/Apr/2017:11:23:50 +0300] "GET /portal/apis/assets/publicAssets/EIAnalytics-Gadget-Search_Box?domain=carbon.super&type=gadget HTTP/1.1" 200 377 "https://10.49.40.202:9444/portal/dashboards/ei-analytics/proxy" "Mozilla/5.0 (Windows NT 6.3; WOW64) AppleWebKit/537.36 (KHTML, like Gecko) Chrome/57.0.2987.133 Safari/537.36"
10.49.31.177 - - [06/Apr/2017:11:23:50 +0300] "POST /shindig/rpc?st=-1%3A-1%3A*%3A*%3A*%3A0%3Adefault HTTP/1.1" 200 1188 "https://10.49.40.202:9444/portal/dashboards/ei-analytics/proxy" "Mozilla/5.0 (Windows NT 6.3; WOW64) AppleWebKit/537.36 (KHTML, like Gecko) Chrome/57.0.2987.133 Safari/537.36"
10.49.31.177 - - [06/Apr/2017:11:23:50 +0300] "GET /portal/apis/assets/publicAssets/EIAnalytics-Gadget-Stats_Chart?domain=carbon.super&type=gadget HTTP/1.1" 200 503 "https://10.49.40.202:9444/portal/dashboards/ei-analytics/proxy" "Mozilla/5.0 (Windows NT 6.3; WOW64) AppleWebKit/537.36 (KHTML, like Gecko) Chrome/57.0.2987.133 Safari/537.36"
10.49.31.177 - - [06/Apr/2017:11:23:51 +0300] "POST /shindig/rpc?st=-1%3A-1%3A*%3A*%3A*%3A0%3Adefault HTTP/1.1" 200 1183 "https://10.49.40.202:9444/portal/dashboards/ei-analytics/proxy" "Mozilla/5.0 (Windows NT 6.3; WOW64) AppleWebKit/537.36 (KHTML, like Gecko) Chrome/57.0.2987.133 Safari/537.36"
10.49.31.177 - - [06/Apr/2017:11:23:51 +0300] "GET /portal/apis/assets/publicAssets/EIAnalytics-Gadget-Breadcrumb?domain=carbon.super&type=gadget HTTP/1.1" 200 404 "https://10.49.40.202:9444/portal/dashboards/ei-analytics/proxy" "Mozilla/5.0 (Windows NT 6.3; WOW64) AppleWebKit/537.36 (KHTML, like Gecko) Chrome/57.0.2987.133 Safari/537.36"
10.49.31.177 - - [06/Apr/2017:11:23:51 +0300] "POST /shindig/rpc?st=-1%3A-1%3A*%3A*%3A*%3A0%3Adefault HTTP/1.1" 200 1196 "https://10.49.40.202:9444/portal/dashboards/ei-analytics/proxy" "Mozilla/5.0 (Windows NT 6.3; WOW64) AppleWebKit/537.36 (KHTML, like Gecko) Chrome/57.0.2987.133 Safari/537.36"
127.0.0.1 - - [06/Apr/2017:11:23:52 +0300] "GET /portal/store/carbon.super/fs/gadget/EIAnalytics-Gadget-Message_Flow/index.xml HTTP/1.1" 200 760 "-" "Apache Shindig"
10.49.31.177 - - [06/Apr/2017:11:23:52 +0300] "GET /shindig/gadgets/ifr?url=https%3A%2F%2Flocalhost%3A9444%2Fportal%2Fstore%2Fcarbon.super%2Ffs%2Fgadget%2FEIAnalytics-Gadget-Message_Flow%2Findex.xml&container=default&view=default&lang=en&country=US&debug=1&nocache=1&sanitize=%25sanitize%25&v=198dba232bb528798570815210fd71e7&testmode=0&parent=https%3A%2F%2F10.49.40.202%3A9444&mid=0 HTTP/1.1" 200 1459 "https://10.49.40.202:9444/portal/dashboards/ei-analytics/proxy" "Mozilla/5.0 (Windows NT 6.3; WOW64) AppleWebKit/537.36 (KHTML, like Gecko) Chrome/57.0.2987.133 Safari/537.36"
127.0.0.1 - - [06/Apr/2017:11:23:52 +0300] "GET /portal/store/carbon.super/fs/gadget/EIAnalytics-Gadget-Message_Table/index.xml HTTP/1.1" 200 625 "-" "Apache Shindig"
10.49.31.177 - - [06/Apr/2017:11:23:52 +0300] "GET /shindig/gadgets/ifr?url=https%3A%2F%2Flocalhost%3A9444%2Fportal%2Fstore%2Fcarbon.super%2Ffs%2Fgadget%2FEIAnalytics-Gadget-Message_Table%2Findex.xml&container=default&view=default&lang=en&country=US&debug=1&nocache=1&sanitize=%25sanitize%25&v=198dba232bb528798570815210fd71e7&testmode=0&parent=https%3A%2F%2F10.49.40.202%3A9444&mid=0 HTTP/1.1" 200 1401 "https://10.49.40.202:9444/portal/dashboards/ei-analytics/proxy" "Mozilla/5.0 (Windows NT 6.3; WOW64) AppleWebKit/537.36 (KHTML, like Gecko) Chrome/57.0.2987.133 Safari/537.36"
127.0.0.1 - - [06/Apr/2017:11:23:52 +0300] "GET /portal/store/carbon.super/fs/gadget/EIAnalytics-Gadget-Line_Chart/index.xml HTTP/1.1" 200 1887 "-" "Apache Shindig"
10.49.31.177 - - [06/Apr/2017:11:23:52 +0300] "GET /shindig/gadgets/ifr?url=https%3A%2F%2Flocalhost%3A9444%2Fportal%2Fstore%2Fcarbon.super%2Ffs%2Fgadget%2FEIAnalytics-Gadget-Line_Chart%2Findex.xml&container=default&view=default&lang=en&country=US&debug=1&nocache=1&sanitize=%25sanitize%25&v=198dba232bb528798570815210fd71e7&testmode=0&parent=https%3A%2F%2F10.49.40.202%3A9444&mid=0 HTTP/1.1" 200 1347 "https://10.49.40.202:9444/portal/dashboards/ei-analytics/proxy" "Mozilla/5.0 (Windows NT 6.3; WOW64) AppleWebKit/537.36 (KHTML, like Gecko) Chrome/57.0.2987.133 Safari/537.36"
127.0.0.1 - - [06/Apr/2017:11:23:52 +0300] "GET /portal/store/carbon.super/fs/gadget/EIAnalytics-Gadget-Date_Range_Picker/index.xml HTTP/1.1" 200 970 "-" "Apache Shindig"
10.49.31.177 - - [06/Apr/2017:11:23:52 +0300] "GET /shindig/gadgets/ifr?url=https%3A%2F%2Flocalhost%3A9444%2Fportal%2Fstore%2Fcarbon.super%2Ffs%2Fgadget%2FEIAnalytics-Gadget-Date_Range_Picker%2Findex.xml&container=default&view=default&lang=en&country=US&debug=1&nocache=1&sanitize=%25sanitize%25&v=198dba232bb528798570815210fd71e7&testmode=0&parent=https%3A%2F%2F10.49.40.202%3A9444&mid=0 HTTP/1.1" 200 1728 "https://10.49.40.202:9444/portal/dashboards/ei-analytics/proxy" "Mozilla/5.0 (Windows NT 6.3; WOW64) AppleWebKit/537.36 (KHTML, like Gecko) Chrome/57.0.2987.133 Safari/537.36"
127.0.0.1 - - [06/Apr/2017:11:23:52 +0300] "GET /portal/store/carbon.super/fs/gadget/EIAnalytics-Gadget-Search_Box/index.xml HTTP/1.1" 200 1735 "-" "Apache Shindig"
10.49.31.177 - - [06/Apr/2017:11:23:52 +0300] "GET /shindig/gadgets/ifr?url=https%3A%2F%2Flocalhost%3A9444%2Fportal%2Fstore%2Fcarbon.super%2Ffs%2Fgadget%2FEIAnalytics-Gadget-Search_Box%2Findex.xml&container=default&view=default&lang=en&country=US&debug=1&nocache=1&sanitize=%25sanitize%25&v=198dba232bb528798570815210fd71e7&testmode=0&parent=https%3A%2F%2F10.49.40.202%3A9444&mid=0 HTTP/1.1" 200 1386 "https://10.49.40.202:9444/portal/dashboards/ei-analytics/proxy" "Mozilla/5.0 (Windows NT 6.3; WOW64) AppleWebKit/537.36 (KHTML, like Gecko) Chrome/57.0.2987.133 Safari/537.36"
127.0.0.1 - - [06/Apr/2017:11:23:52 +0300] "GET /portal/store/carbon.super/fs/gadget/EIAnalytics-Gadget-Stats_Chart/index.xml HTTP/1.1" 200 1014 "-" "Apache Shindig"
10.49.31.177 - - [06/Apr/2017:11:23:52 +0300] "GET /shindig/gadgets/ifr?url=https%3A%2F%2Flocalhost%3A9444%2Fportal%2Fstore%2Fcarbon.super%2Ffs%2Fgadget%2FEIAnalytics-Gadget-Stats_Chart%2Findex.xml&container=default&view=default&lang=en&country=US&debug=1&nocache=1&sanitize=%25sanitize%25&v=198dba232bb528798570815210fd71e7&testmode=0&parent=https%3A%2F%2F10.49.40.202%3A9444&mid=0 HTTP/1.1" 200 1790 "https://10.49.40.202:9444/portal/dashboards/ei-analytics/proxy" "Mozilla/5.0 (Windows NT 6.3; WOW64) AppleWebKit/537.36 (KHTML, like Gecko) Chrome/57.0.2987.133 Safari/537.36"
127.0.0.1 - - [06/Apr/2017:11:23:53 +0300] "GET /portal/store/carbon.super/fs/gadget/EIAnalytics-Gadget-Breadcrumb/index.xml HTTP/1.1" 200 1530 "-" "Apache Shindig"
10.49.31.177 - - [06/Apr/2017:11:23:53 +0300] "GET /shindig/gadgets/ifr?url=https%3A%2F%2Flocalhost%3A9444%2Fportal%2Fstore%2Fcarbon.super%2Ffs%2Fgadget%2FEIAnalytics-Gadget-Breadcrumb%2Findex.xml&container=default&view=default&lang=en&country=US&debug=1&nocache=1&sanitize=%25sanitize%25&v=198dba232bb528798570815210fd71e7&testmode=0&parent=https%3A%2F%2F10.49.40.202%3A9444&mid=0 HTTP/1.1" 200 1303 "https://10.49.40.202:9444/portal/dashboards/ei-analytics/proxy" "Mozilla/5.0 (Windows NT 6.3; WOW64) AppleWebKit/537.36 (KHTML, like Gecko) Chrome/57.0.2987.133 Safari/537.36"
127.0.0.1 - - [06/Apr/2017:11:23:53 +0300] "GET /portal/store/carbon.super/fs/gadget/EIAnalytics-Gadget-Message_Flow/css/custom.css HTTP/1.1" 200 1778 "-" "Apache Shindig"
127.0.0.1 - - [06/Apr/2017:11:23:53 +0300] "GET /portal/store/carbon.super/fs/gadget/EIAnalytics-Gadget-commons/css/gadget.css HTTP/1.1" 200 1137 "-" "Apache Shindig"
127.0.0.1 - - [06/Apr/2017:11:23:53 +0300] "GET /portal/libs/font-wso2_1.0.0/css/font-wso2.min.css HTTP/1.1" 200 2641 "-" "Apache Shindig"
127.0.0.1 - - [06/Apr/2017:11:23:53 +0300] "GET /portal/libs/nanoscroller_0.8.7/nanoscroller.css HTTP/1.1" 200 1366 "-" "Apache Shindig"
127.0.0.1 - - [06/Apr/2017:11:23:53 +0300] "GET /portal/libs/theme-wso2_1.0/css/theme-wso2.css HTTP/1.1" 200 10255 "-" "Apache Shindig"
127.0.0.1 - - [06/Apr/2017:11:23:53 +0300] "GET /portal/libs/bootstrap_3.3.5/css/bootstrap.min.css HTTP/1.1" 200 20162 "-" "Apache Shindig"
127.0.0.1 - - [06/Apr/2017:11:23:53 +0300] "GET /portal/store/carbon.super/fs/gadget/EIAnalytics-Gadget-Message_Flow/index.xml HTTP/1.1" 200 760 "-" "Apache Shindig"
127.0.0.1 - - [06/Apr/2017:11:23:53 +0300] "GET /portal/store/carbon.super/fs/gadget/EIAnalytics-Gadget-Message_Flow/index.xml HTTP/1.1" 200 760 "-" "Apache Shindig"
127.0.0.1 - - [06/Apr/2017:11:23:53 +0300] "GET /portal/store/carbon.super/fs/gadget/EIAnalytics-Gadget-Message_Flow/index.xml HTTP/1.1" 200 760 "-" "Apache Shindig"
127.0.0.1 - - [06/Apr/2017:11:23:53 +0300] "GET /portal/store/carbon.super/fs/gadget/EIAnalytics-Gadget-Message_Flow/index.xml HTTP/1.1" 200 760 "-" "Apache Shindig"
127.0.0.1 - - [06/Apr/2017:11:23:53 +0300] "GET /portal/store/carbon.super/fs/gadget/EIAnalytics-Gadget-Message_Flow/index.xml HTTP/1.1" 200 760 "-" "Apache Shindig"
127.0.0.1 - - [06/Apr/2017:11:23:53 +0300] "GET /portal/store/carbon.super/fs/gadget/EIAnalytics-Gadget-Message_Flow/index.xml HTTP/1.1" 200 760 "-" "Apache Shindig"
10.49.31.177 - - [06/Apr/2017:11:23:53 +0300] "GET /shindig/gadgets/concat?container=default&gadget=https%3A%2F%2Flocalhost%3A9444%2Fportal%2Fstore%2Fcarbon.super%2Ffs%2Fgadget%2FEIAnalytics-Gadget-Message_Flow%2Findex.xml&debug=1&nocache=1&type=css&1=https%3A%2F%2Flocalhost%3A9444%2Fportal%2Flibs%2Fbootstrap_3.3.5%2Fcss%2Fbootstrap.min.css&2=https%3A%2F%2Flocalhost%3A9444%2Fportal%2Flibs%2Ffont-wso2_1.0.0%2Fcss%2Ffont-wso2.min.css&3=https%3A%2F%2Flocalhost%3A9444%2Fportal%2Flibs%2Ftheme-wso2_1.0%2Fcss%2Ftheme-wso2.css&4=https%3A%2F%2Flocalhost%3A9444%2Fportal%2Fstore%2Fcarbon.super%2Ffs%2Fgadget%2FEIAnalytics-Gadget-commons%2Fcss%2Fgadget.css&5=https%3A%2F%2Flocalhost%3A9444%2Fportal%2Flibs%2Fnanoscroller_0.8.7%2Fnanoscroller.css&6=https%3A%2F%2Flocalhost%3A9444%2Fportal%2Fstore%2Fcarbon.super%2Ffs%2Fgadget%2FEIAnalytics-Gadget-Message_Flow%2Fcss%2Fcustom.css HTTP/1.1" 200 28721 "https://10.49.40.202:9444/shindig/gadgets/ifr?url=https%3A%2F%2Flocalhost%3A9444%2Fportal%2Fstore%2Fcarbon.super%2Ffs%2Fgadget%2FEIAnalytics-Gadget-Message_Flow%2Findex.xml&container=default&view=default&lang=en&country=US&debug=1&nocache=1&sanitize=%25sanitize%25&v=198dba232bb528798570815210fd71e7&testmode=0&parent=https%3A%2F%2F10.49.40.202%3A9444&mid=0" "Mozilla/5.0 (Windows NT 6.3; WOW64) AppleWebKit/537.36 (KHTML, like Gecko) Chrome/57.0.2987.133 Safari/537.36"
